[INFO] [launch]: All log files can be found below /home/saran/.ros/log/2026-07-15-16-07-51-712615-aorus-146682
[INFO] [launch]: Default logging verbosity is set to INFO
[INFO] [robot_state_publisher-1]: process started with pid [146691]
[INFO] [joint_state_publisher-2]: process started with pid [146693]
[INFO] [gzserver-3]: process started with pid [146695]
[INFO] [spawn_entity.py-4]: process started with pid [146697]
[INFO] [ros2_laser_scan_merger-5]: process started with pid [146699]
[INFO] [pointcloud_to_laserscan_node-6]: process started with pid [146701]
[ros2_laser_scan_merger-5] [INFO] [1784124472.620919607] [ros2_laser_scan_merger]: Hello
[pointcloud_to_laserscan_node-6] [INFO] [1784124472.622324139] [pointcloud_to_laserscan]: Got a subscriber to laserscan, starting pointcloud subscriber
[robot_state_publisher-1] Warning: link 'laser_center_link' material 'yellow' undefined.
[robot_state_publisher-1]          at line 84 in ./urdf_parser/src/model.cpp
[robot_state_publisher-1] Warning: link 'laser_center_link' material 'yellow' undefined.
[robot_state_publisher-1]          at line 84 in ./urdf_parser/src/model.cpp
[robot_state_publisher-1] [WARN] [1784124472.652375260] [kdl_parser]: The root link base_link has an inertia specified in the URDF, but KDL does not support a root link with an inertia.  As a workaround, you can add an extra dummy link to your URDF.
[robot_state_publisher-1] [INFO] [1784124472.652445487] [robot_state_publisher]: got segment base_link
[robot_state_publisher-1] [INFO] [1784124472.652499176] [robot_state_publisher]: got segment front_left_wheel_1
[robot_state_publisher-1] [INFO] [1784124472.652502888] [robot_state_publisher]: got segment front_lidar_1
[robot_state_publisher-1] [INFO] [1784124472.652505543] [robot_state_publisher]: got segment front_right_wheel_1
[robot_state_publisher-1] [INFO] [1784124472.652508032] [robot_state_publisher]: got segment imu_link
[robot_state_publisher-1] [INFO] [1784124472.652510484] [robot_state_publisher]: got segment laser_center_link
[robot_state_publisher-1] [INFO] [1784124472.652512975] [robot_state_publisher]: got segment real_sense_1
[robot_state_publisher-1] [INFO] [1784124472.652515425] [robot_state_publisher]: got segment rear_left_wheel_1
[robot_state_publisher-1] [INFO] [1784124472.652517854] [robot_state_publisher]: got segment rear_lidar_1
[robot_state_publisher-1] [INFO] [1784124472.652520165] [robot_state_publisher]: got segment rear_right_wheel_1
[joint_state_publisher-2] [INFO] [1784124472.870801017] [joint_state_publisher]: Waiting for robot_description to be published on the robot_description topic...
[spawn_entity.py-4] [INFO] [1784124472.939749978] [spawn_entity]: Spawn Entity started
[spawn_entity.py-4] [INFO] [1784124472.939961844] [spawn_entity]: Loading entity published on topic robot_description
[spawn_entity.py-4] [INFO] [1784124472.941088231] [spawn_entity]: Waiting for entity xml on robot_description
[spawn_entity.py-4] [INFO] [1784124472.952068680] [spawn_entity]: Waiting for service /spawn_entity, timeout = 30
[spawn_entity.py-4] [INFO] [1784124472.952274037] [spawn_entity]: Waiting for service /spawn_entity
[pointcloud_to_laserscan_node-6] [WARN] [1784124473.219704188] [pointcloud_to_laserscan]: New subscription discovered on topic '/scan', requesting incompatible QoS. No messages will be sent to it. Last incompatible policy: RELIABILITY_QOS_POLICY
[spawn_entity.py-4] [INFO] [1784124474.207207899] [spawn_entity]: Calling service /spawn_entity
[gzserver-3] Warning: link 'laser_center_link' material 'yellow' undefined.
[gzserver-3]          at line 84 in ./urdf_parser/src/model.cpp
[gzserver-3] Warning: link 'laser_center_link' material 'yellow' undefined.
[gzserver-3]          at line 84 in ./urdf_parser/src/model.cpp
[spawn_entity.py-4] [INFO] [1784124474.646220360] [spawn_entity]: Spawn status: SpawnEntity: Successfully spawned entity [susag_updated_model]
[INFO] [spawn_entity.py-4]: process has finished cleanly [pid 146697]
[gzserver-3] [INFO] [1784124475.013124904] [susag.depth_camera_plugin]: Publishing camera info to [/susag/depth_camera/camera_info]
[gzserver-3] [INFO] [1784124475.015041260] [susag.depth_camera_plugin]: Publishing depth camera info to [/susag/depth_camera/depth/camera_info]
[gzserver-3] [INFO] [1784124475.015598743] [susag.depth_camera_plugin]: Publishing pointcloud to [/susag/depth_camera/points]
[gzserver-3] [INFO] [1784124475.074928081] [diff_drive]: Wheel pair 1 separation set to [0.740000m]
[gzserver-3] [INFO] [1784124475.074959601] [diff_drive]: Wheel pair 2 separation set to [0.740000m]
[gzserver-3] [INFO] [1784124475.074965743] [diff_drive]: Wheel pair 1 diameter set to [0.330000m]
[gzserver-3] [INFO] [1784124475.074970491] [diff_drive]: Wheel pair 2 diameter set to [0.330000m]
[gzserver-3] [INFO] [1784124475.075705919] [diff_drive]: Subscribed to [/cmd_vel]
[gzserver-3] [INFO] [1784124475.077161574] [diff_drive]: Advertise odometry on [/odom]
[gzserver-3] [INFO] [1784124475.078776703] [diff_drive]: Publishing odom transforms between [odom] and [base_link]
[gzserver-3] [INFO] [1784124475.078794107] [diff_drive]: Publishing wheel transforms between [base_link], [front_wheel_left_joint] and [front_wheel_right_joint]
[gzserver-3] [INFO] [1784124475.078799336] [diff_drive]: Publishing wheel transforms between [base_link], [rear_wheel_left_joint] and [rear_wheel_right_joint]
[WARNING] [launch]: user interrupted with ctrl-c (SIGINT)
[ros2_laser_scan_merger-5] [INFO] [1784124511.795627750] [rclcpp]: signal_handler(SIGINT/SIGTERM)
[robot_state_publisher-1] [INFO] [1784124511.795698542] [rclcpp]: signal_handler(SIGINT/SIGTERM)
[pointcloud_to_laserscan_node-6] [INFO] [1784124511.795764069] [rclcpp]: signal_handler(SIGINT/SIGTERM)
[INFO] [robot_state_publisher-1]: process has finished cleanly [pid 146691]
[INFO] [ros2_laser_scan_merger-5]: process has finished cleanly [pid 146699]
[INFO] [pointcloud_to_laserscan_node-6]: process has finished cleanly [pid 146701]
[INFO] [joint_state_publisher-2]: process has finished cleanly [pid 146693]
[INFO] [gzserver-3]: process has finished cleanly [pid 146695]
