[INFO] [launch]: All log files can be found below /home/saran/.ros/log/2026-07-15-15-22-19-929316-aorus-109829
[INFO] [launch]: Default logging verbosity is set to INFO
[INFO] [robot_state_publisher-1]: process started with pid [109904]
[INFO] [joint_state_publisher-2]: process started with pid [109906]
[INFO] [gzserver-3]: process started with pid [109908]
[INFO] [spawn_entity.py-4]: process started with pid [109910]
[INFO] [ros2_laser_scan_merger-5]: process started with pid [109912]
[INFO] [pointcloud_to_laserscan_node-6]: process started with pid [109914]
[ros2_laser_scan_merger-5] [INFO] [1784121740.878641939] [ros2_laser_scan_merger]: Hello
[pointcloud_to_laserscan_node-6] [INFO] [1784121740.892188643] [pointcloud_to_laserscan]: Got a subscriber to laserscan, starting pointcloud subscriber
[robot_state_publisher-1] Warning: link 'laser_center_link' material 'yellow' undefined.
[robot_state_publisher-1]          at line 84 in ./urdf_parser/src/model.cpp
[robot_state_publisher-1] Warning: link 'laser_center_link' material 'yellow' undefined.
[robot_state_publisher-1]          at line 84 in ./urdf_parser/src/model.cpp
[robot_state_publisher-1] [WARN] [1784121740.911442245] [kdl_parser]: The root link base_link has an inertia specified in the URDF, but KDL does not support a root link with an inertia.  As a workaround, you can add an extra dummy link to your URDF.
[robot_state_publisher-1] [INFO] [1784121740.911506571] [robot_state_publisher]: got segment base_link
[robot_state_publisher-1] [INFO] [1784121740.911547216] [robot_state_publisher]: got segment front_left_wheel_1
[robot_state_publisher-1] [INFO] [1784121740.911550786] [robot_state_publisher]: got segment front_lidar_1
[robot_state_publisher-1] [INFO] [1784121740.911553513] [robot_state_publisher]: got segment front_right_wheel_1
[robot_state_publisher-1] [INFO] [1784121740.911556310] [robot_state_publisher]: got segment imu_link
[robot_state_publisher-1] [INFO] [1784121740.911558866] [robot_state_publisher]: got segment laser_center_link
[robot_state_publisher-1] [INFO] [1784121740.911561342] [robot_state_publisher]: got segment real_sense_1
[robot_state_publisher-1] [INFO] [1784121740.911563853] [robot_state_publisher]: got segment rear_left_wheel_1
[robot_state_publisher-1] [INFO] [1784121740.911566268] [robot_state_publisher]: got segment rear_lidar_1
[robot_state_publisher-1] [INFO] [1784121740.911568763] [robot_state_publisher]: got segment rear_right_wheel_1
[joint_state_publisher-2] [INFO] [1784121741.152957025] [joint_state_publisher]: Waiting for robot_description to be published on the robot_description topic...
[spawn_entity.py-4] [INFO] [1784121741.229582078] [spawn_entity]: Spawn Entity started
[spawn_entity.py-4] [INFO] [1784121741.229805393] [spawn_entity]: Loading entity published on topic robot_description
[spawn_entity.py-4] [INFO] [1784121741.231105862] [spawn_entity]: Waiting for entity xml on robot_description
[spawn_entity.py-4] [INFO] [1784121741.242524480] [spawn_entity]: Waiting for service /spawn_entity, timeout = 30
[spawn_entity.py-4] [INFO] [1784121741.242722717] [spawn_entity]: Waiting for service /spawn_entity
[spawn_entity.py-4] [INFO] [1784121742.498166247] [spawn_entity]: Calling service /spawn_entity
[gzserver-3] Warning: link 'laser_center_link' material 'yellow' undefined.
[gzserver-3]          at line 84 in ./urdf_parser/src/model.cpp
[gzserver-3] Warning: link 'laser_center_link' material 'yellow' undefined.
[gzserver-3]          at line 84 in ./urdf_parser/src/model.cpp
[spawn_entity.py-4] [INFO] [1784121742.994226789] [spawn_entity]: Spawn status: SpawnEntity: Successfully spawned entity [susag_updated_model]
[INFO] [spawn_entity.py-4]: process has finished cleanly [pid 109910]
[gzserver-3] [INFO] [1784121743.152227544] [susag.depth_camera_plugin]: Publishing camera info to [/susag/depth_camera/camera_info]
[gzserver-3] [INFO] [1784121743.153528768] [susag.depth_camera_plugin]: Publishing depth camera info to [/susag/depth_camera/depth/camera_info]
[gzserver-3] [INFO] [1784121743.153885265] [susag.depth_camera_plugin]: Publishing pointcloud to [/susag/depth_camera/points]
[gzserver-3] [INFO] [1784121743.221470807] [diff_drive]: Wheel pair 1 separation set to [0.740000m]
[gzserver-3] [INFO] [1784121743.221499847] [diff_drive]: Wheel pair 2 separation set to [0.740000m]
[gzserver-3] [INFO] [1784121743.221505308] [diff_drive]: Wheel pair 1 diameter set to [0.330000m]
[gzserver-3] [INFO] [1784121743.221509728] [diff_drive]: Wheel pair 2 diameter set to [0.330000m]
[gzserver-3] [INFO] [1784121743.222324121] [diff_drive]: Subscribed to [/cmd_vel]
[gzserver-3] [INFO] [1784121743.225084920] [diff_drive]: Advertise odometry on [/odom]
[gzserver-3] [INFO] [1784121743.228253779] [diff_drive]: Publishing odom transforms between [odom] and [base_link]
[gzserver-3] [INFO] [1784121743.228286640] [diff_drive]: Publishing wheel transforms between [base_link], [front_wheel_left_joint] and [front_wheel_right_joint]
[gzserver-3] [INFO] [1784121743.228301596] [diff_drive]: Publishing wheel transforms between [base_link], [rear_wheel_left_joint] and [rear_wheel_right_joint]
[WARNING] [launch]: user interrupted with ctrl-c (SIGINT)
[robot_state_publisher-1] [INFO] [1784121776.316192085] [rclcpp]: signal_handler(SIGINT/SIGTERM)
[pointcloud_to_laserscan_node-6] [INFO] [1784121776.316283278] [rclcpp]: signal_handler(SIGINT/SIGTERM)
[ros2_laser_scan_merger-5] [INFO] [1784121776.316281311] [rclcpp]: signal_handler(SIGINT/SIGTERM)
[INFO] [robot_state_publisher-1]: process has finished cleanly [pid 109904]
[INFO] [ros2_laser_scan_merger-5]: process has finished cleanly [pid 109912]
[INFO] [pointcloud_to_laserscan_node-6]: process has finished cleanly [pid 109914]
[INFO] [joint_state_publisher-2]: process has finished cleanly [pid 109906]
[INFO] [gzserver-3]: process has finished cleanly [pid 109908]
