[INFO] [launch]: All log files can be found below /home/saran/.ros/log/2026-07-15-15-59-48-237799-aorus-137265
[INFO] [launch]: Default logging verbosity is set to INFO
[INFO] [robot_state_publisher-1]: process started with pid [137286]
[INFO] [joint_state_publisher-2]: process started with pid [137288]
[INFO] [gzserver-3]: process started with pid [137290]
[INFO] [spawn_entity.py-4]: process started with pid [137292]
[INFO] [ros2_laser_scan_merger-5]: process started with pid [137294]
[INFO] [pointcloud_to_laserscan_node-6]: process started with pid [137296]
[ERROR] [gzserver-3]: process has died [pid 137290, exit code 255, cmd 'gzserver /home/saran/robohouse_ws/src/BARN_dataset/world_files/world_5.world -slibgazebo_ros_init.so -slibgazebo_ros_factory.so -slibgazebo_ros_force_system.so'].
[ros2_laser_scan_merger-5] [INFO] [1784123989.502729388] [ros2_laser_scan_merger]: Hello
[pointcloud_to_laserscan_node-6] [INFO] [1784123989.505559679] [pointcloud_to_laserscan]: Got a subscriber to laserscan, starting pointcloud subscriber
[robot_state_publisher-1] Warning: link 'laser_center_link' material 'yellow' undefined.
[robot_state_publisher-1]          at line 84 in ./urdf_parser/src/model.cpp
[robot_state_publisher-1] Warning: link 'laser_center_link' material 'yellow' undefined.
[robot_state_publisher-1]          at line 84 in ./urdf_parser/src/model.cpp
[robot_state_publisher-1] [WARN] [1784123989.529328980] [kdl_parser]: The root link base_link has an inertia specified in the URDF, but KDL does not support a root link with an inertia.  As a workaround, you can add an extra dummy link to your URDF.
[robot_state_publisher-1] [INFO] [1784123989.529399079] [robot_state_publisher]: got segment base_link
[robot_state_publisher-1] [INFO] [1784123989.529434761] [robot_state_publisher]: got segment front_left_wheel_1
[robot_state_publisher-1] [INFO] [1784123989.529438340] [robot_state_publisher]: got segment front_lidar_1
[robot_state_publisher-1] [INFO] [1784123989.529440998] [robot_state_publisher]: got segment front_right_wheel_1
[robot_state_publisher-1] [INFO] [1784123989.529443573] [robot_state_publisher]: got segment imu_link
[robot_state_publisher-1] [INFO] [1784123989.529446103] [robot_state_publisher]: got segment laser_center_link
[robot_state_publisher-1] [INFO] [1784123989.529448514] [robot_state_publisher]: got segment real_sense_1
[robot_state_publisher-1] [INFO] [1784123989.529450988] [robot_state_publisher]: got segment rear_left_wheel_1
[robot_state_publisher-1] [INFO] [1784123989.529453346] [robot_state_publisher]: got segment rear_lidar_1
[robot_state_publisher-1] [INFO] [1784123989.529455756] [robot_state_publisher]: got segment rear_right_wheel_1
[spawn_entity.py-4] [INFO] [1784123989.547481561] [spawn_entity]: Spawn Entity started
[spawn_entity.py-4] [INFO] [1784123989.547741117] [spawn_entity]: Loading entity published on topic robot_description
[spawn_entity.py-4] [INFO] [1784123989.549081779] [spawn_entity]: Waiting for entity xml on robot_description
[joint_state_publisher-2] [INFO] [1784123989.550937811] [joint_state_publisher]: Waiting for robot_description to be published on the robot_description topic...
[spawn_entity.py-4] [INFO] [1784123989.559895430] [spawn_entity]: Waiting for service /spawn_entity, timeout = 30
[spawn_entity.py-4] [INFO] [1784123989.560079872] [spawn_entity]: Waiting for service /spawn_entity
[spawn_entity.py-4] [INFO] [1784123989.562195941] [spawn_entity]: Calling service /spawn_entity
[WARNING] [launch]: user interrupted with ctrl-c (SIGINT)
[robot_state_publisher-1] [INFO] [1784124048.168261871] [rclcpp]: signal_handler(SIGINT/SIGTERM)
[ros2_laser_scan_merger-5] [INFO] [1784124048.168268145] [rclcpp]: signal_handler(SIGINT/SIGTERM)
[INFO] [pointcloud_to_laserscan_node-6]: sending signal 'SIGINT' to process[pointcloud_to_laserscan_node-6]
[INFO] [ros2_laser_scan_merger-5]: sending signal 'SIGINT' to process[ros2_laser_scan_merger-5]
[INFO] [spawn_entity.py-4]: sending signal 'SIGINT' to process[spawn_entity.py-4]
[INFO] [joint_state_publisher-2]: sending signal 'SIGINT' to process[joint_state_publisher-2]
[INFO] [robot_state_publisher-1]: sending signal 'SIGINT' to process[robot_state_publisher-1]
[pointcloud_to_laserscan_node-6] [INFO] [1784124048.168545358] [rclcpp]: signal_handler(SIGINT/SIGTERM)
[spawn_entity.py-4] Traceback (most recent call last):
[spawn_entity.py-4]   File "/opt/ros/humble/lib/gazebo_ros/spawn_entity.py", line 372, in <module>
[spawn_entity.py-4]     main()
[spawn_entity.py-4]   File "/opt/ros/humble/lib/gazebo_ros/spawn_entity.py", line 367, in main
[spawn_entity.py-4]     exit_code = spawn_entity_node.run()
[spawn_entity.py-4]   File "/opt/ros/humble/lib/gazebo_ros/spawn_entity.py", line 228, in run
[spawn_entity.py-4]     success = self._spawn_entity(entity_xml, initial_pose, spawn_service_timeout)
[spawn_entity.py-4]   File "/opt/ros/humble/lib/gazebo_ros/spawn_entity.py", line 290, in _spawn_entity
[spawn_entity.py-4]     rclpy.spin_once(self)
[spawn_entity.py-4]   File "/opt/ros/humble/local/lib/python3.10/dist-packages/rclpy/__init__.py", line 208, in spin_once
[spawn_entity.py-4]     executor.spin_once(timeout_sec=timeout_sec)
[spawn_entity.py-4]   File "/opt/ros/humble/local/lib/python3.10/dist-packages/rclpy/executors.py", line 808, in spin_once
[spawn_entity.py-4]     self._spin_once_impl(timeout_sec)
[spawn_entity.py-4]   File "/opt/ros/humble/local/lib/python3.10/dist-packages/rclpy/executors.py", line 797, in _spin_once_impl
[spawn_entity.py-4]     handler, entity, node = self.wait_for_ready_callbacks(timeout_sec=timeout_sec)
[spawn_entity.py-4]   File "/opt/ros/humble/local/lib/python3.10/dist-packages/rclpy/executors.py", line 780, in wait_for_ready_callbacks
[spawn_entity.py-4]     return next(self._cb_iter)
[spawn_entity.py-4]   File "/opt/ros/humble/local/lib/python3.10/dist-packages/rclpy/executors.py", line 677, in _wait_for_ready_callbacks
[spawn_entity.py-4]     wait_set.wait(timeout_nsec)
[spawn_entity.py-4] KeyboardInterrupt
[pointcloud_to_laserscan_node-6] [INFO] [1784124048.172952315] [rclcpp]: signal_handler(SIGINT/SIGTERM)
[ros2_laser_scan_merger-5] [INFO] [1784124048.173838200] [rclcpp]: signal_handler(SIGINT/SIGTERM)
[ERROR] [robot_state_publisher-1]: process has died [pid 137286, exit code -2, cmd '/opt/ros/humble/lib/robot_state_publisher/robot_state_publisher --ros-args -r __node:=robot_state_publisher --params-file /tmp/launch_params_aabfiwdr'].
[ERROR] [spawn_entity.py-4]: process has died [pid 137292, exit code -2, cmd '/opt/ros/humble/lib/gazebo_ros/spawn_entity.py -entity susag_updated_model -topic robot_description -x -2.25 -y 1.0 -z 0.1 -Y 1.5708 --ros-args'].
[ERROR] [joint_state_publisher-2]: process has died [pid 137288, exit code -2, cmd '/opt/ros/humble/lib/joint_state_publisher/joint_state_publisher --ros-args -r __node:=joint_state_publisher --params-file /tmp/launch_params_fhg5y4zj'].
[INFO] [pointcloud_to_laserscan_node-6]: process has finished cleanly [pid 137296]
[INFO] [ros2_laser_scan_merger-5]: process has finished cleanly [pid 137294]
