[INFO] [launch]: All log files can be found below /home/saran/.ros/log/2026-07-15-15-26-16-423577-aorus-113736
[INFO] [launch]: Default logging verbosity is set to INFO
[INFO] [robot_state_publisher-1]: process started with pid [113827]
[INFO] [joint_state_publisher-2]: process started with pid [113829]
[INFO] [gzserver-3]: process started with pid [113831]
[INFO] [spawn_entity.py-4]: process started with pid [113833]
[INFO] [ros2_laser_scan_merger-5]: process started with pid [113835]
[INFO] [pointcloud_to_laserscan_node-6]: process started with pid [113837]
[ros2_laser_scan_merger-5] [INFO] [1784121977.383000900] [ros2_laser_scan_merger]: Hello
[pointcloud_to_laserscan_node-6] [INFO] [1784121977.385465994] [pointcloud_to_laserscan]: Got a subscriber to laserscan, starting pointcloud subscriber
[robot_state_publisher-1] Warning: link 'laser_center_link' material 'yellow' undefined.
[robot_state_publisher-1]          at line 84 in ./urdf_parser/src/model.cpp
[robot_state_publisher-1] Warning: link 'laser_center_link' material 'yellow' undefined.
[robot_state_publisher-1]          at line 84 in ./urdf_parser/src/model.cpp
[robot_state_publisher-1] [WARN] [1784121977.405498464] [kdl_parser]: The root link base_link has an inertia specified in the URDF, but KDL does not support a root link with an inertia.  As a workaround, you can add an extra dummy link to your URDF.
[robot_state_publisher-1] [INFO] [1784121977.405566400] [robot_state_publisher]: got segment base_link
[robot_state_publisher-1] [INFO] [1784121977.405612561] [robot_state_publisher]: got segment front_left_wheel_1
[robot_state_publisher-1] [INFO] [1784121977.405617645] [robot_state_publisher]: got segment front_lidar_1
[robot_state_publisher-1] [INFO] [1784121977.405620315] [robot_state_publisher]: got segment front_right_wheel_1
[robot_state_publisher-1] [INFO] [1784121977.405622878] [robot_state_publisher]: got segment imu_link
[robot_state_publisher-1] [INFO] [1784121977.405625304] [robot_state_publisher]: got segment laser_center_link
[robot_state_publisher-1] [INFO] [1784121977.405628632] [robot_state_publisher]: got segment real_sense_1
[robot_state_publisher-1] [INFO] [1784121977.405632615] [robot_state_publisher]: got segment rear_left_wheel_1
[robot_state_publisher-1] [INFO] [1784121977.405635057] [robot_state_publisher]: got segment rear_lidar_1
[robot_state_publisher-1] [INFO] [1784121977.405637447] [robot_state_publisher]: got segment rear_right_wheel_1
[joint_state_publisher-2] [INFO] [1784121977.658862969] [joint_state_publisher]: Waiting for robot_description to be published on the robot_description topic...
[spawn_entity.py-4] [INFO] [1784121977.718906828] [spawn_entity]: Spawn Entity started
[spawn_entity.py-4] [INFO] [1784121977.719133385] [spawn_entity]: Loading entity published on topic robot_description
[spawn_entity.py-4] [INFO] [1784121977.720331664] [spawn_entity]: Waiting for entity xml on robot_description
[spawn_entity.py-4] [INFO] [1784121977.731308543] [spawn_entity]: Waiting for service /spawn_entity, timeout = 30
[spawn_entity.py-4] [INFO] [1784121977.731483394] [spawn_entity]: Waiting for service /spawn_entity
[spawn_entity.py-4] [INFO] [1784121978.985986789] [spawn_entity]: Calling service /spawn_entity
[gzserver-3] Warning: link 'laser_center_link' material 'yellow' undefined.
[gzserver-3]          at line 84 in ./urdf_parser/src/model.cpp
[gzserver-3] Warning: link 'laser_center_link' material 'yellow' undefined.
[gzserver-3]          at line 84 in ./urdf_parser/src/model.cpp
[spawn_entity.py-4] [INFO] [1784121979.350842524] [spawn_entity]: Spawn status: SpawnEntity: Successfully spawned entity [susag_updated_model]
[INFO] [spawn_entity.py-4]: process has finished cleanly [pid 113833]
[gzserver-3] [INFO] [1784121979.714695264] [susag.depth_camera_plugin]: Publishing camera info to [/susag/depth_camera/camera_info]
[gzserver-3] [INFO] [1784121979.716274174] [susag.depth_camera_plugin]: Publishing depth camera info to [/susag/depth_camera/depth/camera_info]
[gzserver-3] [INFO] [1784121979.716627641] [susag.depth_camera_plugin]: Publishing pointcloud to [/susag/depth_camera/points]
[gzserver-3] [INFO] [1784121979.783551857] [diff_drive]: Wheel pair 1 separation set to [0.740000m]
[gzserver-3] [INFO] [1784121979.783582581] [diff_drive]: Wheel pair 2 separation set to [0.740000m]
[gzserver-3] [INFO] [1784121979.783591025] [diff_drive]: Wheel pair 1 diameter set to [0.330000m]
[gzserver-3] [INFO] [1784121979.783595523] [diff_drive]: Wheel pair 2 diameter set to [0.330000m]
[gzserver-3] [INFO] [1784121979.784402941] [diff_drive]: Subscribed to [/cmd_vel]
[gzserver-3] [INFO] [1784121979.786014276] [diff_drive]: Advertise odometry on [/odom]
[gzserver-3] [INFO] [1784121979.787663217] [diff_drive]: Publishing odom transforms between [odom] and [base_link]
[gzserver-3] [INFO] [1784121979.787682219] [diff_drive]: Publishing wheel transforms between [base_link], [front_wheel_left_joint] and [front_wheel_right_joint]
[gzserver-3] [INFO] [1784121979.787689460] [diff_drive]: Publishing wheel transforms between [base_link], [rear_wheel_left_joint] and [rear_wheel_right_joint]
[WARNING] [launch]: user interrupted with ctrl-c (SIGINT)
[pointcloud_to_laserscan_node-6] [INFO] [1784122014.515738240] [rclcpp]: signal_handler(SIGINT/SIGTERM)
[ros2_laser_scan_merger-5] [INFO] [1784122014.515789713] [rclcpp]: signal_handler(SIGINT/SIGTERM)
[robot_state_publisher-1] [INFO] [1784122014.515841272] [rclcpp]: signal_handler(SIGINT/SIGTERM)
[INFO] [ros2_laser_scan_merger-5]: process has finished cleanly [pid 113835]
[INFO] [pointcloud_to_laserscan_node-6]: process has finished cleanly [pid 113837]
[INFO] [robot_state_publisher-1]: process has finished cleanly [pid 113827]
[INFO] [joint_state_publisher-2]: process has finished cleanly [pid 113829]
[INFO] [gzserver-3]: process has finished cleanly [pid 113831]
