[INFO] [launch]: All log files can be found below /home/saran/.ros/log/2026-07-15-15-57-42-263986-aorus-136047
[INFO] [launch]: Default logging verbosity is set to INFO
[INFO] [robot_state_publisher-1]: process started with pid [136048]
[INFO] [joint_state_publisher-2]: process started with pid [136050]
[INFO] [gzserver-3]: process started with pid [136052]
[INFO] [spawn_entity.py-4]: process started with pid [136054]
[INFO] [ros2_laser_scan_merger-5]: process started with pid [136056]
[INFO] [pointcloud_to_laserscan_node-6]: process started with pid [136058]
[ros2_laser_scan_merger-5] [INFO] [1784123863.186784194] [ros2_laser_scan_merger]: Hello
[pointcloud_to_laserscan_node-6] [INFO] [1784123863.195299671] [pointcloud_to_laserscan]: Got a subscriber to laserscan, starting pointcloud subscriber
[robot_state_publisher-1] Warning: link 'laser_center_link' material 'yellow' undefined.
[robot_state_publisher-1]          at line 84 in ./urdf_parser/src/model.cpp
[robot_state_publisher-1] Warning: link 'laser_center_link' material 'yellow' undefined.
[robot_state_publisher-1]          at line 84 in ./urdf_parser/src/model.cpp
[robot_state_publisher-1] [WARN] [1784123863.212142809] [kdl_parser]: The root link base_link has an inertia specified in the URDF, but KDL does not support a root link with an inertia.  As a workaround, you can add an extra dummy link to your URDF.
[robot_state_publisher-1] [INFO] [1784123863.212210066] [robot_state_publisher]: got segment base_link
[robot_state_publisher-1] [INFO] [1784123863.212255167] [robot_state_publisher]: got segment front_left_wheel_1
[robot_state_publisher-1] [INFO] [1784123863.212258801] [robot_state_publisher]: got segment front_lidar_1
[robot_state_publisher-1] [INFO] [1784123863.212261646] [robot_state_publisher]: got segment front_right_wheel_1
[robot_state_publisher-1] [INFO] [1784123863.212264165] [robot_state_publisher]: got segment imu_link
[robot_state_publisher-1] [INFO] [1784123863.212266743] [robot_state_publisher]: got segment laser_center_link
[robot_state_publisher-1] [INFO] [1784123863.212269269] [robot_state_publisher]: got segment real_sense_1
[robot_state_publisher-1] [INFO] [1784123863.212271736] [robot_state_publisher]: got segment rear_left_wheel_1
[robot_state_publisher-1] [INFO] [1784123863.212274129] [robot_state_publisher]: got segment rear_lidar_1
[robot_state_publisher-1] [INFO] [1784123863.212276552] [robot_state_publisher]: got segment rear_right_wheel_1
[ERROR] [gzserver-3]: process has died [pid 136052, exit code 255, cmd 'gzserver /home/saran/robohouse_ws/src/BARN_dataset/world_files/world_5.world -slibgazebo_ros_init.so -slibgazebo_ros_factory.so -slibgazebo_ros_force_system.so'].
[joint_state_publisher-2] [INFO] [1784123863.823263213] [joint_state_publisher]: Waiting for robot_description to be published on the robot_description topic...
[spawn_entity.py-4] [INFO] [1784123863.826756927] [spawn_entity]: Spawn Entity started
[spawn_entity.py-4] [INFO] [1784123863.827006044] [spawn_entity]: Loading entity published on topic robot_description
[spawn_entity.py-4] [INFO] [1784123863.828274028] [spawn_entity]: Waiting for entity xml on robot_description
[spawn_entity.py-4] [INFO] [1784123863.836364446] [spawn_entity]: Waiting for service /spawn_entity, timeout = 30
[spawn_entity.py-4] [INFO] [1784123863.836825768] [spawn_entity]: Waiting for service /spawn_entity
[spawn_entity.py-4] [INFO] [1784123863.839497158] [spawn_entity]: Calling service /spawn_entity
[WARNING] [launch]: user interrupted with ctrl-c (SIGINT)
[INFO] [pointcloud_to_laserscan_node-6]: sending signal 'SIGINT' to process[pointcloud_to_laserscan_node-6]
[INFO] [ros2_laser_scan_merger-5]: sending signal 'SIGINT' to process[ros2_laser_scan_merger-5]
[INFO] [spawn_entity.py-4]: sending signal 'SIGINT' to process[spawn_entity.py-4]
[INFO] [joint_state_publisher-2]: sending signal 'SIGINT' to process[joint_state_publisher-2]
[INFO] [robot_state_publisher-1]: sending signal 'SIGINT' to process[robot_state_publisher-1]
[robot_state_publisher-1] [INFO] [1784123922.194163580] [rclcpp]: signal_handler(SIGINT/SIGTERM)
[pointcloud_to_laserscan_node-6] [INFO] [1784123922.194195670] [rclcpp]: signal_handler(SIGINT/SIGTERM)
[ros2_laser_scan_merger-5] [INFO] [1784123922.194195585] [rclcpp]: signal_handler(SIGINT/SIGTERM)
[spawn_entity.py-4] Traceback (most recent call last):
[spawn_entity.py-4]   File "/opt/ros/humble/lib/gazebo_ros/spawn_entity.py", line 372, in <module>
[spawn_entity.py-4]     main()
[spawn_entity.py-4]   File "/opt/ros/humble/lib/gazebo_ros/spawn_entity.py", line 367, in main
[spawn_entity.py-4]     exit_code = spawn_entity_node.run()
[spawn_entity.py-4]   File "/opt/ros/humble/lib/gazebo_ros/spawn_entity.py", line 228, in run
[spawn_entity.py-4]     success = self._spawn_entity(entity_xml, initial_pose, spawn_service_timeout)
[spawn_entity.py-4]   File "/opt/ros/humble/lib/gazebo_ros/spawn_entity.py", line 290, in _spawn_entity
[spawn_entity.py-4]     rclpy.spin_once(self)
[spawn_entity.py-4]   File "/opt/ros/humble/local/lib/python3.10/dist-packages/rclpy/__init__.py", line 208, in spin_once
[spawn_entity.py-4]     executor.spin_once(timeout_sec=timeout_sec)
[spawn_entity.py-4]   File "/opt/ros/humble/local/lib/python3.10/dist-packages/rclpy/executors.py", line 808, in spin_once
[spawn_entity.py-4]     self._spin_once_impl(timeout_sec)
[spawn_entity.py-4]   File "/opt/ros/humble/local/lib/python3.10/dist-packages/rclpy/executors.py", line 797, in _spin_once_impl
[spawn_entity.py-4]     handler, entity, node = self.wait_for_ready_callbacks(timeout_sec=timeout_sec)
[spawn_entity.py-4]   File "/opt/ros/humble/local/lib/python3.10/dist-packages/rclpy/executors.py", line 780, in wait_for_ready_callbacks
[spawn_entity.py-4]     return next(self._cb_iter)
[spawn_entity.py-4]   File "/opt/ros/humble/local/lib/python3.10/dist-packages/rclpy/executors.py", line 677, in _wait_for_ready_callbacks
[spawn_entity.py-4]     wait_set.wait(timeout_nsec)
[spawn_entity.py-4] KeyboardInterrupt
[pointcloud_to_laserscan_node-6] [INFO] [1784123922.197772993] [rclcpp]: signal_handler(SIGINT/SIGTERM)
[ros2_laser_scan_merger-5] [INFO] [1784123922.198629025] [rclcpp]: signal_handler(SIGINT/SIGTERM)
[ERROR] [robot_state_publisher-1]: process has died [pid 136048, exit code -2, cmd '/opt/ros/humble/lib/robot_state_publisher/robot_state_publisher --ros-args -r __node:=robot_state_publisher --params-file /tmp/launch_params_ajw0g4dw'].
[ERROR] [spawn_entity.py-4]: process has died [pid 136054, exit code -2, cmd '/opt/ros/humble/lib/gazebo_ros/spawn_entity.py -entity susag_updated_model -topic robot_description -x -2.25 -y 1.0 -z 0.1 -Y 1.5708 --ros-args'].
[ERROR] [joint_state_publisher-2]: process has died [pid 136050, exit code -2, cmd '/opt/ros/humble/lib/joint_state_publisher/joint_state_publisher --ros-args -r __node:=joint_state_publisher --params-file /tmp/launch_params_g6h9if3h'].
[INFO] [ros2_laser_scan_merger-5]: process has finished cleanly [pid 136056]
[INFO] [pointcloud_to_laserscan_node-6]: process has finished cleanly [pid 136058]
