[INFO] [launch]: All log files can be found below /home/saran/.ros/log/2026-07-15-15-56-39-435533-aorus-135438
[INFO] [launch]: Default logging verbosity is set to INFO
[INFO] [robot_state_publisher-1]: process started with pid [135439]
[INFO] [joint_state_publisher-2]: process started with pid [135441]
[INFO] [gzserver-3]: process started with pid [135443]
[INFO] [spawn_entity.py-4]: process started with pid [135445]
[INFO] [ros2_laser_scan_merger-5]: process started with pid [135447]
[INFO] [pointcloud_to_laserscan_node-6]: process started with pid [135449]
[ros2_laser_scan_merger-5] [INFO] [1784123800.384728066] [ros2_laser_scan_merger]: Hello
[pointcloud_to_laserscan_node-6] [INFO] [1784123800.387455431] [pointcloud_to_laserscan]: Got a subscriber to laserscan, starting pointcloud subscriber
[robot_state_publisher-1] Warning: link 'laser_center_link' material 'yellow' undefined.
[robot_state_publisher-1]          at line 84 in ./urdf_parser/src/model.cpp
[robot_state_publisher-1] Warning: link 'laser_center_link' material 'yellow' undefined.
[robot_state_publisher-1]          at line 84 in ./urdf_parser/src/model.cpp
[robot_state_publisher-1] [WARN] [1784123800.419255009] [kdl_parser]: The root link base_link has an inertia specified in the URDF, but KDL does not support a root link with an inertia.  As a workaround, you can add an extra dummy link to your URDF.
[robot_state_publisher-1] [INFO] [1784123800.419321408] [robot_state_publisher]: got segment base_link
[robot_state_publisher-1] [INFO] [1784123800.419371908] [robot_state_publisher]: got segment front_left_wheel_1
[robot_state_publisher-1] [INFO] [1784123800.419375762] [robot_state_publisher]: got segment front_lidar_1
[robot_state_publisher-1] [INFO] [1784123800.419378435] [robot_state_publisher]: got segment front_right_wheel_1
[robot_state_publisher-1] [INFO] [1784123800.419380904] [robot_state_publisher]: got segment imu_link
[robot_state_publisher-1] [INFO] [1784123800.419383407] [robot_state_publisher]: got segment laser_center_link
[robot_state_publisher-1] [INFO] [1784123800.419385965] [robot_state_publisher]: got segment real_sense_1
[robot_state_publisher-1] [INFO] [1784123800.419388445] [robot_state_publisher]: got segment rear_left_wheel_1
[robot_state_publisher-1] [INFO] [1784123800.419390793] [robot_state_publisher]: got segment rear_lidar_1
[robot_state_publisher-1] [INFO] [1784123800.419393406] [robot_state_publisher]: got segment rear_right_wheel_1
[ERROR] [gzserver-3]: process has died [pid 135443, exit code 255, cmd 'gzserver /home/saran/robohouse_ws/src/BARN_dataset/world_files/world_5.world -slibgazebo_ros_init.so -slibgazebo_ros_factory.so -slibgazebo_ros_force_system.so'].
[joint_state_publisher-2] [INFO] [1784123800.678397645] [joint_state_publisher]: Waiting for robot_description to be published on the robot_description topic...
[spawn_entity.py-4] [INFO] [1784123800.715959669] [spawn_entity]: Spawn Entity started
[spawn_entity.py-4] [INFO] [1784123800.716245547] [spawn_entity]: Loading entity published on topic robot_description
[spawn_entity.py-4] [INFO] [1784123800.717659863] [spawn_entity]: Waiting for entity xml on robot_description
[spawn_entity.py-4] [INFO] [1784123800.728652538] [spawn_entity]: Waiting for service /spawn_entity, timeout = 30
[spawn_entity.py-4] [INFO] [1784123800.728861175] [spawn_entity]: Waiting for service /spawn_entity
[spawn_entity.py-4] [INFO] [1784123801.482628682] [spawn_entity]: Calling service /spawn_entity
[WARNING] [launch]: user interrupted with ctrl-c (SIGINT)
[INFO] [pointcloud_to_laserscan_node-6]: sending signal 'SIGINT' to process[pointcloud_to_laserscan_node-6]
[INFO] [ros2_laser_scan_merger-5]: sending signal 'SIGINT' to process[ros2_laser_scan_merger-5]
[INFO] [spawn_entity.py-4]: sending signal 'SIGINT' to process[spawn_entity.py-4]
[INFO] [joint_state_publisher-2]: sending signal 'SIGINT' to process[joint_state_publisher-2]
[INFO] [robot_state_publisher-1]: sending signal 'SIGINT' to process[robot_state_publisher-1]
[pointcloud_to_laserscan_node-6] [INFO] [1784123859.360157867] [rclcpp]: signal_handler(SIGINT/SIGTERM)
[ros2_laser_scan_merger-5] [INFO] [1784123859.360243408] [rclcpp]: signal_handler(SIGINT/SIGTERM)
[robot_state_publisher-1] [INFO] [1784123859.360267741] [rclcpp]: signal_handler(SIGINT/SIGTERM)
[spawn_entity.py-4] Traceback (most recent call last):
[spawn_entity.py-4]   File "/opt/ros/humble/lib/gazebo_ros/spawn_entity.py", line 372, in <module>
[spawn_entity.py-4]     main()
[spawn_entity.py-4]   File "/opt/ros/humble/lib/gazebo_ros/spawn_entity.py", line 367, in main
[spawn_entity.py-4]     exit_code = spawn_entity_node.run()
[spawn_entity.py-4]   File "/opt/ros/humble/lib/gazebo_ros/spawn_entity.py", line 228, in run
[spawn_entity.py-4]     success = self._spawn_entity(entity_xml, initial_pose, spawn_service_timeout)
[spawn_entity.py-4]   File "/opt/ros/humble/lib/gazebo_ros/spawn_entity.py", line 290, in _spawn_entity
[spawn_entity.py-4]     rclpy.spin_once(self)
[spawn_entity.py-4]   File "/opt/ros/humble/local/lib/python3.10/dist-packages/rclpy/__init__.py", line 208, in spin_once
[spawn_entity.py-4]     executor.spin_once(timeout_sec=timeout_sec)
[spawn_entity.py-4]   File "/opt/ros/humble/local/lib/python3.10/dist-packages/rclpy/executors.py", line 808, in spin_once
[spawn_entity.py-4]     self._spin_once_impl(timeout_sec)
[spawn_entity.py-4]   File "/opt/ros/humble/local/lib/python3.10/dist-packages/rclpy/executors.py", line 797, in _spin_once_impl
[spawn_entity.py-4]     handler, entity, node = self.wait_for_ready_callbacks(timeout_sec=timeout_sec)
[spawn_entity.py-4]   File "/opt/ros/humble/local/lib/python3.10/dist-packages/rclpy/executors.py", line 780, in wait_for_ready_callbacks
[spawn_entity.py-4]     return next(self._cb_iter)
[spawn_entity.py-4]   File "/opt/ros/humble/local/lib/python3.10/dist-packages/rclpy/executors.py", line 677, in _wait_for_ready_callbacks
[spawn_entity.py-4]     wait_set.wait(timeout_nsec)
[spawn_entity.py-4] KeyboardInterrupt
[pointcloud_to_laserscan_node-6] [INFO] [1784123859.362807786] [rclcpp]: signal_handler(SIGINT/SIGTERM)
[ros2_laser_scan_merger-5] [INFO] [1784123859.363431998] [rclcpp]: signal_handler(SIGINT/SIGTERM)
[robot_state_publisher-1] [INFO] [1784123859.364928532] [rclcpp]: signal_handler(SIGINT/SIGTERM)
[joint_state_publisher-2] Traceback (most recent call last):
[joint_state_publisher-2]   File "/opt/ros/humble/lib/joint_state_publisher/joint_state_publisher", line 33, in <module>
[joint_state_publisher-2]     sys.exit(load_entry_point('joint-state-publisher==2.4.0', 'console_scripts', 'joint_state_publisher')())
[joint_state_publisher-2]   File "/opt/ros/humble/lib/python3.10/site-packages/joint_state_publisher/joint_state_publisher.py", line 470, in main
[joint_state_publisher-2]     jsp.destroy_node()
[joint_state_publisher-2]   File "/opt/ros/humble/local/lib/python3.10/dist-packages/rclpy/node.py", line 1696, in destroy_node
[joint_state_publisher-2]     self.__node.destroy_when_not_in_use()
[joint_state_publisher-2] KeyboardInterrupt
[ERROR] [spawn_entity.py-4]: process has died [pid 135445, exit code -2, cmd '/opt/ros/humble/lib/gazebo_ros/spawn_entity.py -entity susag_updated_model -topic robot_description -x -2.25 -y 1.0 -z 0.1 -Y 1.5708 --ros-args'].
[ERROR] [joint_state_publisher-2]: process has died [pid 135441, exit code -2, cmd '/opt/ros/humble/lib/joint_state_publisher/joint_state_publisher --ros-args -r __node:=joint_state_publisher --params-file /tmp/launch_params_n8zziyf0'].
[INFO] [ros2_laser_scan_merger-5]: process has finished cleanly [pid 135447]
[INFO] [robot_state_publisher-1]: process has finished cleanly [pid 135439]
[INFO] [pointcloud_to_laserscan_node-6]: process has finished cleanly [pid 135449]
