[INFO] [launch]: All log files can be found below /home/saran/.ros/log/2026-07-15-15-22-58-963330-aorus-110462
[INFO] [launch]: Default logging verbosity is set to INFO
[INFO] [component_container_isolated-1]: process started with pid [110495]
[component_container_isolated-1] [INFO] [1784121779.725228768] [nav2_container]: Load Library: /opt/ros/humble/lib/libmap_server_core.so
[component_container_isolated-1] [INFO] [1784121779.732234033] [nav2_container]: Found class: rclcpp_components::NodeFactoryTemplate<nav2_map_server::CostmapFilterInfoServer>
[component_container_isolated-1] [INFO] [1784121779.732249581] [nav2_container]: Found class: rclcpp_components::NodeFactoryTemplate<nav2_map_server::MapSaver>
[component_container_isolated-1] [INFO] [1784121779.732253387] [nav2_container]: Found class: rclcpp_components::NodeFactoryTemplate<nav2_map_server::MapServer>
[component_container_isolated-1] [INFO] [1784121779.732256230] [nav2_container]: Instantiate class: rclcpp_components::NodeFactoryTemplate<nav2_map_server::MapServer>
[component_container_isolated-1] [INFO] [1784121779.734749609] [map_server]: 
[component_container_isolated-1] 	map_server lifecycle node launched. 
[component_container_isolated-1] 	Waiting on external lifecycle transitions to activate
[component_container_isolated-1] 	See https://design.ros2.org/articles/node_lifecycle.html for more information.
[component_container_isolated-1] [INFO] [1784121779.734771142] [map_server]: Creating
[INFO] [launch_ros.actions.load_composable_nodes]: Loaded node '/map_server' in container '/nav2_container'
[component_container_isolated-1] [INFO] [1784121779.737300834] [nav2_container]: Load Library: /opt/ros/humble/lib/libamcl_core.so
[component_container_isolated-1] [INFO] [1784121779.738996684] [nav2_container]: Found class: rclcpp_components::NodeFactoryTemplate<nav2_amcl::AmclNode>
[component_container_isolated-1] [INFO] [1784121779.739007427] [nav2_container]: Instantiate class: rclcpp_components::NodeFactoryTemplate<nav2_amcl::AmclNode>
[component_container_isolated-1] [INFO] [1784121779.741513228] [amcl]: 
[component_container_isolated-1] 	amcl lifecycle node launched. 
[component_container_isolated-1] 	Waiting on external lifecycle transitions to activate
[component_container_isolated-1] 	See https://design.ros2.org/articles/node_lifecycle.html for more information.
[component_container_isolated-1] [INFO] [1784121779.741738237] [amcl]: Creating
[INFO] [launch_ros.actions.load_composable_nodes]: Loaded node '/amcl' in container '/nav2_container'
[component_container_isolated-1] [INFO] [1784121779.743221474] [nav2_container]: Load Library: /opt/ros/humble/lib/libnav2_lifecycle_manager_core.so
[component_container_isolated-1] [INFO] [1784121779.743595339] [nav2_container]: Found class: rclcpp_components::NodeFactoryTemplate<nav2_lifecycle_manager::LifecycleManager>
[component_container_isolated-1] [INFO] [1784121779.743609451] [nav2_container]: Instantiate class: rclcpp_components::NodeFactoryTemplate<nav2_lifecycle_manager::LifecycleManager>
[component_container_isolated-1] [INFO] [1784121779.746016969] [lifecycle_manager_localization]: Creating
[component_container_isolated-1] [INFO] [1784121779.746955506] [lifecycle_manager_localization]: [34m[1mCreating and initializing lifecycle service clients[0m[0m
[INFO] [launch_ros.actions.load_composable_nodes]: Loaded node '/lifecycle_manager_localization' in container '/nav2_container'
[component_container_isolated-1] [INFO] [1784121779.748914639] [lifecycle_manager_localization]: [34m[1mStarting managed nodes bringup...[0m[0m
[component_container_isolated-1] [INFO] [1784121779.748952892] [lifecycle_manager_localization]: [34m[1mConfiguring map_server[0m[0m
[component_container_isolated-1] [INFO] [1784121779.749103689] [map_server]: Configuring
[component_container_isolated-1] [INFO] [1784121779.749137768] [map_io]: Loading yaml file: /home/saran/robohouse_ws/src/BARN_dataset/map_files/yaml_93.yaml
[component_container_isolated-1] [INFO] [1784121779.749281382] [map_io]: resolution: 0.15
[component_container_isolated-1] [INFO] [1784121779.749285205] [map_io]: origin[0]: -4.5
[component_container_isolated-1] [INFO] [1784121779.749287705] [map_io]: origin[1]: 0
[component_container_isolated-1] [INFO] [1784121779.749289799] [map_io]: origin[2]: 0
[component_container_isolated-1] [INFO] [1784121779.749292124] [map_io]: free_thresh: 0.5
[component_container_isolated-1] [INFO] [1784121779.749294384] [map_io]: occupied_thresh: 0.5
[component_container_isolated-1] [INFO] [1784121779.749297067] [map_io]: mode: trinary
[component_container_isolated-1] [INFO] [1784121779.749299733] [map_io]: negate: 0
[component_container_isolated-1] [INFO] [1784121779.749418802] [map_io]: Loading image_file: /home/saran/robohouse_ws/src/BARN_dataset/map_files/map_pgm_93.pgm
[component_container_isolated-1] [INFO] [1784121779.749650774] [map_io]: Read map /home/saran/robohouse_ws/src/BARN_dataset/map_files/map_pgm_93.pgm: 30 X 66 map @ 0.15 m/cell
[component_container_isolated-1] [INFO] [1784121779.750728784] [lifecycle_manager_localization]: [34m[1mConfiguring amcl[0m[0m
[component_container_isolated-1] [INFO] [1784121779.750808397] [amcl]: Configuring
[component_container_isolated-1] [INFO] [1784121779.750884810] [amcl]: initTransforms
[component_container_isolated-1] [INFO] [1784121779.756744890] [amcl]: initPubSub
[component_container_isolated-1] [INFO] [1784121779.758735200] [amcl]: Subscribed to map topic.
[component_container_isolated-1] [INFO] [1784121779.760430101] [lifecycle_manager_localization]: [34m[1mActivating map_server[0m[0m
[component_container_isolated-1] [INFO] [1784121779.760519589] [map_server]: Activating
[component_container_isolated-1] [INFO] [1784121779.760557257] [map_server]: Creating bond (map_server) to lifecycle manager.
[component_container_isolated-1] [INFO] [1784121779.760629589] [amcl]: Received a 30 X 66 map @ 0.150 m/pix
[component_container_isolated-1] [INFO] [1784121779.812180567] [nav2_container]: Load Library: /opt/ros/humble/lib/libcontroller_server_core.so
[component_container_isolated-1] [INFO] [1784121779.813780454] [nav2_container]: Found class: rclcpp_components::NodeFactoryTemplate<nav2_controller::ControllerServer>
[component_container_isolated-1] [INFO] [1784121779.813806687] [nav2_container]: Instantiate class: rclcpp_components::NodeFactoryTemplate<nav2_controller::ControllerServer>
[component_container_isolated-1] [INFO] [1784121779.816842293] [controller_server]: 
[component_container_isolated-1] 	controller_server lifecycle node launched. 
[component_container_isolated-1] 	Waiting on external lifecycle transitions to activate
[component_container_isolated-1] 	See https://design.ros2.org/articles/node_lifecycle.html for more information.
[component_container_isolated-1] [INFO] [1784121779.819733678] [controller_server]: Creating controller server
[component_container_isolated-1] [INFO] [1784121779.822900479] [local_costmap.local_costmap]: 
[component_container_isolated-1] 	local_costmap lifecycle node launched. 
[component_container_isolated-1] 	Waiting on external lifecycle transitions to activate
[component_container_isolated-1] 	See https://design.ros2.org/articles/node_lifecycle.html for more information.
[component_container_isolated-1] [INFO] [1784121779.823249437] [local_costmap.local_costmap]: Creating Costmap
[INFO] [launch_ros.actions.load_composable_nodes]: Loaded node '/controller_server' in container '/nav2_container'
[component_container_isolated-1] [INFO] [1784121779.824449142] [nav2_container]: Load Library: /opt/ros/humble/lib/libsmoother_server_core.so
[component_container_isolated-1] [INFO] [1784121779.825294337] [nav2_container]: Found class: rclcpp_components::NodeFactoryTemplate<nav2_smoother::SmootherServer>
[component_container_isolated-1] [INFO] [1784121779.825304540] [nav2_container]: Instantiate class: rclcpp_components::NodeFactoryTemplate<nav2_smoother::SmootherServer>
[component_container_isolated-1] [INFO] [1784121779.828195194] [smoother_server]: 
[component_container_isolated-1] 	smoother_server lifecycle node launched. 
[component_container_isolated-1] 	Waiting on external lifecycle transitions to activate
[component_container_isolated-1] 	See https://design.ros2.org/articles/node_lifecycle.html for more information.
[component_container_isolated-1] [INFO] [1784121779.829185018] [smoother_server]: Creating smoother server
[INFO] [launch_ros.actions.load_composable_nodes]: Loaded node '/smoother_server' in container '/nav2_container'
[component_container_isolated-1] [INFO] [1784121779.830276902] [nav2_container]: Load Library: /opt/ros/humble/lib/libplanner_server_core.so
[component_container_isolated-1] [INFO] [1784121779.830749766] [nav2_container]: Found class: rclcpp_components::NodeFactoryTemplate<nav2_planner::PlannerServer>
[component_container_isolated-1] [INFO] [1784121779.830760062] [nav2_container]: Instantiate class: rclcpp_components::NodeFactoryTemplate<nav2_planner::PlannerServer>
[component_container_isolated-1] [INFO] [1784121779.833747326] [planner_server]: 
[component_container_isolated-1] 	planner_server lifecycle node launched. 
[component_container_isolated-1] 	Waiting on external lifecycle transitions to activate
[component_container_isolated-1] 	See https://design.ros2.org/articles/node_lifecycle.html for more information.
[component_container_isolated-1] [INFO] [1784121779.834692106] [planner_server]: Creating
[component_container_isolated-1] [INFO] [1784121779.838087539] [global_costmap.global_costmap]: 
[component_container_isolated-1] 	global_costmap lifecycle node launched. 
[component_container_isolated-1] 	Waiting on external lifecycle transitions to activate
[component_container_isolated-1] 	See https://design.ros2.org/articles/node_lifecycle.html for more information.
[component_container_isolated-1] [INFO] [1784121779.838380245] [global_costmap.global_costmap]: Creating Costmap
[INFO] [launch_ros.actions.load_composable_nodes]: Loaded node '/planner_server' in container '/nav2_container'
[component_container_isolated-1] [INFO] [1784121779.839623160] [nav2_container]: Load Library: /opt/ros/humble/lib/libbehavior_server_core.so
[component_container_isolated-1] [INFO] [1784121779.841329551] [nav2_container]: Found class: rclcpp_components::NodeFactoryTemplate<behavior_server::BehaviorServer>
[component_container_isolated-1] [INFO] [1784121779.841343498] [nav2_container]: Instantiate class: rclcpp_components::NodeFactoryTemplate<behavior_server::BehaviorServer>
[component_container_isolated-1] [INFO] [1784121779.844436364] [behavior_server]: 
[component_container_isolated-1] 	behavior_server lifecycle node launched. 
[component_container_isolated-1] 	Waiting on external lifecycle transitions to activate
[component_container_isolated-1] 	See https://design.ros2.org/articles/node_lifecycle.html for more information.
[INFO] [launch_ros.actions.load_composable_nodes]: Loaded node '/behavior_server' in container '/nav2_container'
[component_container_isolated-1] [INFO] [1784121779.846636799] [nav2_container]: Load Library: /opt/ros/humble/lib/libbt_navigator_core.so
[component_container_isolated-1] [INFO] [1784121779.847609942] [nav2_container]: Found class: rclcpp_components::NodeFactoryTemplate<nav2_bt_navigator::BtNavigator>
[component_container_isolated-1] [INFO] [1784121779.847621227] [nav2_container]: Instantiate class: rclcpp_components::NodeFactoryTemplate<nav2_bt_navigator::BtNavigator>
[component_container_isolated-1] [INFO] [1784121779.851359562] [bt_navigator]: 
[component_container_isolated-1] 	bt_navigator lifecycle node launched. 
[component_container_isolated-1] 	Waiting on external lifecycle transitions to activate
[component_container_isolated-1] 	See https://design.ros2.org/articles/node_lifecycle.html for more information.
[component_container_isolated-1] [INFO] [1784121779.851379228] [bt_navigator]: Creating
[INFO] [launch_ros.actions.load_composable_nodes]: Loaded node '/bt_navigator' in container '/nav2_container'
[component_container_isolated-1] [INFO] [1784121779.852456066] [nav2_container]: Load Library: /opt/ros/humble/lib/libwaypoint_follower_core.so
[component_container_isolated-1] [INFO] [1784121779.852809149] [nav2_container]: Found class: rclcpp_components::NodeFactoryTemplate<nav2_waypoint_follower::WaypointFollower>
[component_container_isolated-1] [INFO] [1784121779.852817225] [nav2_container]: Instantiate class: rclcpp_components::NodeFactoryTemplate<nav2_waypoint_follower::WaypointFollower>
[component_container_isolated-1] [INFO] [1784121779.856190931] [waypoint_follower]: 
[component_container_isolated-1] 	waypoint_follower lifecycle node launched. 
[component_container_isolated-1] 	Waiting on external lifecycle transitions to activate
[component_container_isolated-1] 	See https://design.ros2.org/articles/node_lifecycle.html for more information.
[component_container_isolated-1] [INFO] [1784121779.856438753] [waypoint_follower]: Creating
[INFO] [launch_ros.actions.load_composable_nodes]: Loaded node '/waypoint_follower' in container '/nav2_container'
[component_container_isolated-1] [INFO] [1784121779.857649742] [nav2_container]: Load Library: /opt/ros/humble/lib/libvelocity_smoother_core.so
[component_container_isolated-1] [INFO] [1784121779.858072332] [nav2_container]: Found class: rclcpp_components::NodeFactoryTemplate<nav2_velocity_smoother::VelocitySmoother>
[component_container_isolated-1] [INFO] [1784121779.858079568] [nav2_container]: Instantiate class: rclcpp_components::NodeFactoryTemplate<nav2_velocity_smoother::VelocitySmoother>
[component_container_isolated-1] [INFO] [1784121779.861503796] [velocity_smoother]: 
[INFO] [launch_ros.actions.load_composable_nodes]: Loaded node '/velocity_smoother' in container '/nav2_container'
[component_container_isolated-1] 	velocity_smoother lifecycle node launched. 
[component_container_isolated-1] 	Waiting on external lifecycle transitions to activate
[component_container_isolated-1] 	See https://design.ros2.org/articles/node_lifecycle.html for more information.
[component_container_isolated-1] [INFO] [1784121779.862019041] [lifecycle_manager_localization]: Server map_server connected with bond.
[component_container_isolated-1] [INFO] [1784121779.862048193] [lifecycle_manager_localization]: [34m[1mActivating amcl[0m[0m
[component_container_isolated-1] [INFO] [1784121779.862177707] [amcl]: Activating
[component_container_isolated-1] [INFO] [1784121779.862196001] [amcl]: Creating bond (amcl) to lifecycle manager.
[component_container_isolated-1] [INFO] [1784121779.862501197] [nav2_container]: Found class: rclcpp_components::NodeFactoryTemplate<nav2_lifecycle_manager::LifecycleManager>
[component_container_isolated-1] [INFO] [1784121779.862509229] [nav2_container]: Instantiate class: rclcpp_components::NodeFactoryTemplate<nav2_lifecycle_manager::LifecycleManager>
[component_container_isolated-1] [INFO] [1784121779.866527057] [lifecycle_manager_navigation]: Creating
[component_container_isolated-1] [INFO] [1784121779.867250015] [lifecycle_manager_navigation]: [34m[1mCreating and initializing lifecycle service clients[0m[0m
[INFO] [launch_ros.actions.load_composable_nodes]: Loaded node '/lifecycle_manager_navigation' in container '/nav2_container'
[component_container_isolated-1] [INFO] [1784121779.873171250] [lifecycle_manager_navigation]: [34m[1mStarting managed nodes bringup...[0m[0m
[component_container_isolated-1] [INFO] [1784121779.873202464] [lifecycle_manager_navigation]: [34m[1mConfiguring controller_server[0m[0m
[component_container_isolated-1] [INFO] [1784121779.873299871] [controller_server]: Configuring controller interface
[component_container_isolated-1] [INFO] [1784121779.873396294] [controller_server]: getting goal checker plugins..
[component_container_isolated-1] [INFO] [1784121779.873450866] [controller_server]: Controller frequency set to 20.0000Hz
[component_container_isolated-1] [INFO] [1784121779.873467947] [local_costmap.local_costmap]: Configuring
[component_container_isolated-1] [INFO] [1784121779.875117872] [local_costmap.local_costmap]: Using plugin "obstacle_layer"
[component_container_isolated-1] [INFO] [1784121779.876825995] [local_costmap.local_costmap]: Subscribed to Topics: scan base_scan
[component_container_isolated-1] [INFO] [1784121779.879359661] [local_costmap.local_costmap]: Initialized plugin "obstacle_layer"
[component_container_isolated-1] [INFO] [1784121779.879373839] [local_costmap.local_costmap]: Using plugin "stvl_local"
[component_container_isolated-1] [INFO] [1784121779.895118568] [local_costmap.local_costmap]: stvl_local being initialized as SpatioTemporalVoxelLayer!
[component_container_isolated-1] [INFO] [1784121779.895149302] [local_costmap.local_costmap]: stvl_local's global frame is odom.
[component_container_isolated-1] [INFO] [1784121779.895794605] [local_costmap.local_costmap]: stvl_local loaded parameters from parameter server.
[component_container_isolated-1] [INFO] [1784121779.897586650] [local_costmap.local_costmap]: stvl_local created underlying voxel grid.
[component_container_isolated-1] [INFO] [1784121779.899660638] [local_costmap.local_costmap]: Voxel filter activated.
[component_container_isolated-1] [INFO] [1784121779.916073728] [local_costmap.local_costmap]: stvl_local initialization complete!
[component_container_isolated-1] [INFO] [1784121779.916115147] [local_costmap.local_costmap]: Initialized plugin "stvl_local"
[component_container_isolated-1] [INFO] [1784121779.916122664] [local_costmap.local_costmap]: Using plugin "inflation_layer"
[component_container_isolated-1] [INFO] [1784121779.917028112] [local_costmap.local_costmap]: Initialized plugin "inflation_layer"
[component_container_isolated-1] [INFO] [1784121779.964071511] [lifecycle_manager_localization]: Server amcl connected with bond.
[component_container_isolated-1] [INFO] [1784121779.964111388] [lifecycle_manager_localization]: [34m[1mManaged nodes are active[0m[0m
[component_container_isolated-1] [INFO] [1784121779.964128148] [lifecycle_manager_localization]: [34m[1mCreating bond timer...[0m[0m
[component_container_isolated-1] [INFO] [1784121779.965052501] [controller_server]: Created progress_checker : progress_checker of type nav2_controller::SimpleProgressChecker
[component_container_isolated-1] [INFO] [1784121779.965566118] [controller_server]: Created goal checker : general_goal_checker of type nav2_controller::SimpleGoalChecker
[component_container_isolated-1] [INFO] [1784121779.965943063] [controller_server]: Controller Server has general_goal_checker  goal checkers available.
[component_container_isolated-1] [INFO] [1784121779.967195972] [controller_server]: Created controller : FollowPath of type nav2_amoeba_mppi_controller::AmoebaController
[component_container_isolated-1] [INFO] [1784121779.968559407] [controller_server]: [AMOEBA] shape-conditioned sampling (scan=2.50m arc=1.57rad rays=37 bias=0.60)
[component_container_isolated-1] [INFO] [1784121779.968639138] [controller_server]: Controller period is equal to model dt. Control sequence shifting is ON
[component_container_isolated-1] [INFO] [1784121779.974052195] [controller_server]: ConstraintCritic instantiated with 1 power and 4.000000 weight.
[component_container_isolated-1] [INFO] [1784121779.974080664] [controller_server]: Critic loaded : amoeba::critics::ConstraintCritic
[component_container_isolated-1] [INFO] [1784121779.974514653] [controller_server]: InflationCostCritic instantiated with 1 power and 300.000000 / 0.015000 weights. Critic will collision check based on footprint cost.
[component_container_isolated-1] [INFO] [1784121779.974527604] [controller_server]: Critic loaded : amoeba::critics::CostCritic
[component_container_isolated-1] [INFO] [1784121779.974755925] [controller_server]: GoalCritic instantiated with 1 power and 5.000000 weight.
[component_container_isolated-1] [INFO] [1784121779.974765634] [controller_server]: Critic loaded : amoeba::critics::GoalCritic
[component_container_isolated-1] [INFO] [1784121779.975026233] [controller_server]: GoalAngleCritic instantiated with 1 power, 3.000000 weight, 0.500000 angular threshold and symmetric_yaw_tolerance disabled
[component_container_isolated-1] [INFO] [1784121779.975036217] [controller_server]: Critic loaded : amoeba::critics::GoalAngleCritic
[component_container_isolated-1] [INFO] [1784121779.975442405] [controller_server]: ReferenceTrajectoryCritic instantiated with 1 power and 3.000000 weight
[component_container_isolated-1] [INFO] [1784121779.975453765] [controller_server]: Critic loaded : amoeba::critics::PathAlignCritic
[component_container_isolated-1] [INFO] [1784121779.975710266] [controller_server]: Critic loaded : amoeba::critics::PathFollowCritic
[component_container_isolated-1] [INFO] [1784121779.976085331] [controller_server]: PathAngleCritic instantiated with 1 power and 2.000000 weight. Reversing allowed.
[component_container_isolated-1] [INFO] [1784121779.976092428] [controller_server]: Critic loaded : amoeba::critics::PathAngleCritic
[component_container_isolated-1] [INFO] [1784121779.976304521] [controller_server]: PreferForwardCritic instantiated with 1 power and 2.000000 weight.
[component_container_isolated-1] [INFO] [1784121779.976313708] [controller_server]: Critic loaded : amoeba::critics::PreferForwardCritic
[component_container_isolated-1] [INFO] [1784121779.981719336] [controller_server]: Optimizer reset
[component_container_isolated-1] [INFO] [1784121779.982848860] [AmoebaController]: Configured MPPI Controller: FollowPath
[component_container_isolated-1] [INFO] [1784121779.982861769] [controller_server]: Controller Server has FollowPath  controllers available.
[component_container_isolated-1] [INFO] [1784121779.985776691] [lifecycle_manager_navigation]: [34m[1mConfiguring smoother_server[0m[0m
[component_container_isolated-1] [INFO] [1784121779.985872272] [smoother_server]: Configuring smoother server
[component_container_isolated-1] [INFO] [1784121779.990224507] [smoother_server]: Created smoother : simple_smoother of type nav2_smoother::SimpleSmoother
[component_container_isolated-1] [INFO] [1784121779.990784700] [smoother_server]: Smoother Server has simple_smoother  smoothers available.
[component_container_isolated-1] [INFO] [1784121779.994300083] [lifecycle_manager_navigation]: [34m[1mConfiguring planner_server[0m[0m
[component_container_isolated-1] [INFO] [1784121779.994401922] [planner_server]: Configuring
[component_container_isolated-1] [INFO] [1784121779.994449819] [global_costmap.global_costmap]: Configuring
[component_container_isolated-1] [INFO] [1784121779.997744041] [global_costmap.global_costmap]: Using plugin "static_layer"
[component_container_isolated-1] [INFO] [1784121779.998592250] [global_costmap.global_costmap]: Subscribing to the map topic (/map) with transient local durability
[component_container_isolated-1] [INFO] [1784121779.999029100] [global_costmap.global_costmap]: Subscribing to updates
[component_container_isolated-1] [INFO] [1784121779.999417025] [global_costmap.global_costmap]: Initialized plugin "static_layer"
[component_container_isolated-1] [INFO] [1784121779.999437509] [global_costmap.global_costmap]: Using plugin "obstacle_layer"
[component_container_isolated-1] [INFO] [1784121780.000136396] [global_costmap.global_costmap]: Subscribed to Topics: scan base_scan
[component_container_isolated-1] [INFO] [1784121780.005156104] [global_costmap.global_costmap]: Initialized plugin "obstacle_layer"
[component_container_isolated-1] [INFO] [1784121780.005189761] [global_costmap.global_costmap]: Using plugin "stvl_global"
[component_container_isolated-1] [INFO] [1784121780.005376045] [global_costmap.global_costmap]: stvl_global being initialized as SpatioTemporalVoxelLayer!
[component_container_isolated-1] [INFO] [1784121780.005411778] [global_costmap.global_costmap]: stvl_global's global frame is map.
[component_container_isolated-1] [INFO] [1784121780.007895047] [global_costmap.global_costmap]: stvl_global loaded parameters from parameter server.
[component_container_isolated-1] [INFO] [1784121780.009999939] [global_costmap.global_costmap]: stvl_global created underlying voxel grid.
[component_container_isolated-1] [INFO] [1784121780.020865819] [global_costmap.global_costmap]: Voxel filter activated.
[component_container_isolated-1] [INFO] [1784121780.025461214] [global_costmap.global_costmap]: stvl_global initialization complete!
[component_container_isolated-1] [INFO] [1784121780.025812857] [global_costmap.global_costmap]: Initialized plugin "stvl_global"
[component_container_isolated-1] [INFO] [1784121780.025829602] [global_costmap.global_costmap]: Using plugin "inflation_layer"
[component_container_isolated-1] [INFO] [1784121780.028654582] [global_costmap.global_costmap]: Initialized plugin "inflation_layer"
[component_container_isolated-1] [INFO] [1784121780.039559041] [planner_server]: Created global planner plugin GridBased of type nav2_navfn_planner/NavfnPlanner
[component_container_isolated-1] [INFO] [1784121780.039595273] [planner_server]: Configuring plugin GridBased of type NavfnPlanner
[component_container_isolated-1] [INFO] [1784121780.044450583] [planner_server]: Planner Server has GridBased  planners available.
[component_container_isolated-1] [INFO] [1784121780.063771337] [lifecycle_manager_navigation]: [34m[1mConfiguring behavior_server[0m[0m
[component_container_isolated-1] [INFO] [1784121780.063866604] [behavior_server]: Configuring
[component_container_isolated-1] [INFO] [1784121780.067253668] [behavior_server]: Creating behavior plugin spin of type nav2_behaviors/Spin
[component_container_isolated-1] [INFO] [1784121780.068071575] [behavior_server]: Configuring spin
[component_container_isolated-1] [INFO] [1784121780.076841196] [global_costmap.global_costmap]: StaticLayer: Resizing costmap to 30 X 66 at 0.150000 m/pix
[component_container_isolated-1] [INFO] [1784121780.082720830] [behavior_server]: Creating behavior plugin backup of type nav2_behaviors/BackUp
[component_container_isolated-1] [INFO] [1784121780.083795291] [behavior_server]: Configuring backup
[component_container_isolated-1] [INFO] [1784121780.095964665] [behavior_server]: Creating behavior plugin drive_on_heading of type nav2_behaviors/DriveOnHeading
[component_container_isolated-1] [INFO] [1784121780.097113635] [behavior_server]: Configuring drive_on_heading
[component_container_isolated-1] [INFO] [1784121780.105532113] [behavior_server]: Creating behavior plugin wait of type nav2_behaviors/Wait
[component_container_isolated-1] [INFO] [1784121780.106565531] [behavior_server]: Configuring wait
[component_container_isolated-1] [INFO] [1784121780.114441164] [lifecycle_manager_navigation]: [34m[1mConfiguring bt_navigator[0m[0m
[component_container_isolated-1] [INFO] [1784121780.114549802] [bt_navigator]: Configuring
[component_container_isolated-1] [INFO] [1784121780.151786815] [lifecycle_manager_navigation]: [34m[1mConfiguring waypoint_follower[0m[0m
[component_container_isolated-1] [INFO] [1784121780.151898944] [waypoint_follower]: Configuring
[component_container_isolated-1] [INFO] [1784121780.225213752] [waypoint_follower]: Created waypoint_task_executor : wait_at_waypoint of type nav2_waypoint_follower::WaitAtWaypoint
[component_container_isolated-1] [INFO] [1784121780.225835593] [lifecycle_manager_navigation]: [34m[1mConfiguring velocity_smoother[0m[0m
[component_container_isolated-1] [INFO] [1784121780.225942302] [velocity_smoother]: Configuring velocity smoother
[component_container_isolated-1] [INFO] [1784121780.232821480] [lifecycle_manager_navigation]: [34m[1mActivating controller_server[0m[0m
[component_container_isolated-1] [INFO] [1784121780.232976367] [controller_server]: Activating
[component_container_isolated-1] [INFO] [1784121780.233015461] [local_costmap.local_costmap]: Activating
[component_container_isolated-1] [INFO] [1784121780.233034566] [local_costmap.local_costmap]: Checking transform
[component_container_isolated-1] [INFO] [1784121780.233061777] [local_costmap.local_costmap]: Timed out waiting for transform from base_link to odom to become available, tf error: Invalid frame ID "odom" passed to canTransform argument target_frame - frame does not exist
[component_container_isolated-1] [INFO] [1784121780.733272261] [local_costmap.local_costmap]: Timed out waiting for transform from base_link to odom to become available, tf error: Invalid frame ID "odom" passed to canTransform argument target_frame - frame does not exist
[component_container_isolated-1] [INFO] [1784121780.985269065] [amcl]: initialPoseReceived
[component_container_isolated-1] [INFO] [1784121780.985357359] [amcl]: Setting pose (0.000000): -2.250 1.000 1.571
[component_container_isolated-1] [INFO] [1784121780.985929016] [amcl]: initialPoseReceived
[component_container_isolated-1] [INFO] [1784121780.985941359] [amcl]: Setting pose (0.000000): -2.250 1.000 1.571
[component_container_isolated-1] [INFO] [1784121781.233116152] [local_costmap.local_costmap]: Timed out waiting for transform from base_link to odom to become available, tf error: Invalid frame ID "odom" passed to canTransform argument target_frame - frame does not exist
[component_container_isolated-1] [INFO] [1784121781.386135512] [amcl]: initialPoseReceived
[component_container_isolated-1] [INFO] [1784121781.386190757] [amcl]: Setting pose (0.000000): -2.250 1.000 1.571
[component_container_isolated-1] [INFO] [1784121781.508221658] [amcl]: initialPoseReceived
[component_container_isolated-1] [INFO] [1784121781.508273707] [amcl]: Setting pose (0.000000): -2.250 1.000 1.571
[component_container_isolated-1] [INFO] [1784121781.733314279] [local_costmap.local_costmap]: Timed out waiting for transform from base_link to odom to become available, tf error: Invalid frame ID "odom" passed to canTransform argument target_frame - frame does not exist
[component_container_isolated-1] [INFO] [1784121782.233264346] [local_costmap.local_costmap]: Timed out waiting for transform from base_link to odom to become available, tf error: Invalid frame ID "odom" passed to canTransform argument target_frame - frame does not exist
[component_container_isolated-1] [INFO] [1784121782.252745912] [amcl]: createLaserObject
[component_container_isolated-1] [INFO] [1784121782.733214455] [local_costmap.local_costmap]: start
[component_container_isolated-1] [INFO] [1784121782.734683372] [local_costmap.local_costmap]: stvl_local was activated.
[component_container_isolated-1] [WARN] [1784121782.935310581] [controller_server]: Parameter controller_server.verbose not found
[component_container_isolated-1] [INFO] [1784121782.938364228] [controller_server]: Optimizer reset
[component_container_isolated-1] [INFO] [1784121782.938566399] [AmoebaController]: Activated MPPI Controller: FollowPath
[component_container_isolated-1] [INFO] [1784121782.938584099] [controller_server]: Creating bond (controller_server) to lifecycle manager.
[component_container_isolated-1] [INFO] [1784121783.041611672] [lifecycle_manager_navigation]: Server controller_server connected with bond.
[component_container_isolated-1] [INFO] [1784121783.041646241] [lifecycle_manager_navigation]: [34m[1mActivating smoother_server[0m[0m
[component_container_isolated-1] [INFO] [1784121783.041916526] [smoother_server]: Activating
[component_container_isolated-1] [INFO] [1784121783.041945167] [smoother_server]: Creating bond (smoother_server) to lifecycle manager.
[component_container_isolated-1] [INFO] [1784121783.144925415] [lifecycle_manager_navigation]: Server smoother_server connected with bond.
[component_container_isolated-1] [INFO] [1784121783.144968647] [lifecycle_manager_navigation]: [34m[1mActivating planner_server[0m[0m
[component_container_isolated-1] [INFO] [1784121783.145170260] [planner_server]: Activating
[component_container_isolated-1] [INFO] [1784121783.145207630] [global_costmap.global_costmap]: Activating
[component_container_isolated-1] [INFO] [1784121783.145214012] [global_costmap.global_costmap]: Checking transform
[component_container_isolated-1] [INFO] [1784121783.145230918] [global_costmap.global_costmap]: Timed out waiting for transform from base_link to map to become available, tf error: Lookup would require extrapolation into the past.  Requested time 0.934000 but the earliest data is at time 1.000000, when looking up transform from frame [base_link] to frame [map]
[component_container_isolated-1] [INFO] [1784121783.645349470] [global_costmap.global_costmap]: start
[component_container_isolated-1] [INFO] [1784121783.646718432] [global_costmap.global_costmap]: stvl_global was activated.
[component_container_isolated-1] [INFO] [1784121784.647117971] [planner_server]: Activating plugin GridBased of type NavfnPlanner
[component_container_isolated-1] [INFO] [1784121784.648063356] [planner_server]: Creating bond (planner_server) to lifecycle manager.
[component_container_isolated-1] [INFO] [1784121784.751116569] [lifecycle_manager_navigation]: Server planner_server connected with bond.
[component_container_isolated-1] [INFO] [1784121784.751162053] [lifecycle_manager_navigation]: [34m[1mActivating behavior_server[0m[0m
[component_container_isolated-1] [INFO] [1784121784.751380891] [behavior_server]: Activating
[component_container_isolated-1] [INFO] [1784121784.751407422] [behavior_server]: Activating spin
[component_container_isolated-1] [INFO] [1784121784.751432774] [behavior_server]: Activating backup
[component_container_isolated-1] [INFO] [1784121784.751447798] [behavior_server]: Activating drive_on_heading
[component_container_isolated-1] [INFO] [1784121784.751460731] [behavior_server]: Activating wait
[component_container_isolated-1] [INFO] [1784121784.751489034] [behavior_server]: Creating bond (behavior_server) to lifecycle manager.
[component_container_isolated-1] [INFO] [1784121784.855063990] [lifecycle_manager_navigation]: Server behavior_server connected with bond.
[component_container_isolated-1] [INFO] [1784121784.855105193] [lifecycle_manager_navigation]: [34m[1mActivating bt_navigator[0m[0m
[component_container_isolated-1] [INFO] [1784121784.855308709] [bt_navigator]: Activating
[component_container_isolated-1] [INFO] [1784121784.897104896] [bt_navigator]: Creating bond (bt_navigator) to lifecycle manager.
[component_container_isolated-1] [INFO] [1784121785.001357007] [lifecycle_manager_navigation]: Server bt_navigator connected with bond.
[component_container_isolated-1] [INFO] [1784121785.001403410] [lifecycle_manager_navigation]: [34m[1mActivating waypoint_follower[0m[0m
[component_container_isolated-1] [INFO] [1784121785.001621654] [waypoint_follower]: Activating
[component_container_isolated-1] [INFO] [1784121785.001670209] [waypoint_follower]: Creating bond (waypoint_follower) to lifecycle manager.
[component_container_isolated-1] [INFO] [1784121785.105685557] [lifecycle_manager_navigation]: Server waypoint_follower connected with bond.
[component_container_isolated-1] [INFO] [1784121785.105723414] [lifecycle_manager_navigation]: [34m[1mActivating velocity_smoother[0m[0m
[component_container_isolated-1] [INFO] [1784121785.105951838] [velocity_smoother]: Activating
[component_container_isolated-1] [INFO] [1784121785.106012882] [velocity_smoother]: Creating bond (velocity_smoother) to lifecycle manager.
[component_container_isolated-1] [INFO] [1784121785.210311986] [lifecycle_manager_navigation]: Server velocity_smoother connected with bond.
[component_container_isolated-1] [INFO] [1784121785.210346144] [lifecycle_manager_navigation]: [34m[1mManaged nodes are active[0m[0m
[component_container_isolated-1] [INFO] [1784121785.210352009] [lifecycle_manager_navigation]: [34m[1mCreating bond timer...[0m[0m
[component_container_isolated-1] [INFO] [1784121786.903368050] [bt_navigator]: Begin navigating from current location (-2.29, 1.01) to (-3.38, 9.52)
[component_container_isolated-1] [INFO] [1784121786.923984764] [controller_server]: Received a goal, begin computing control effort.
[component_container_isolated-1] [WARN] [1784121786.924039582] [controller_server]: No goal checker was specified in parameter 'current_goal_checker'. Server will use only plugin loaded general_goal_checker . This warning will appear once.
[component_container_isolated-1] [INFO] [1784121786.929453494] [controller_server]: Optimizer reset
[component_container_isolated-1] [INFO] [1784121787.974175595] [controller_server]: Passing new path to controller.
[component_container_isolated-1] [INFO] [1784121789.024177445] [controller_server]: Passing new path to controller.
[component_container_isolated-1] [INFO] [1784121790.024172382] [controller_server]: Passing new path to controller.
[component_container_isolated-1] [INFO] [1784121791.074175091] [controller_server]: Passing new path to controller.
[component_container_isolated-1] [INFO] [1784121792.074147419] [controller_server]: Passing new path to controller.
[component_container_isolated-1] [INFO] [1784121793.124144910] [controller_server]: Passing new path to controller.
[component_container_isolated-1] [INFO] [1784121794.174146407] [controller_server]: Passing new path to controller.
[component_container_isolated-1] [INFO] [1784121795.174142561] [controller_server]: Passing new path to controller.
[component_container_isolated-1] [INFO] [1784121796.224182265] [controller_server]: Passing new path to controller.
[component_container_isolated-1] [INFO] [1784121797.224259561] [controller_server]: Passing new path to controller.
[component_container_isolated-1] [INFO] [1784121798.274176168] [controller_server]: Passing new path to controller.
[component_container_isolated-1] [INFO] [1784121799.274146645] [controller_server]: Passing new path to controller.
[component_container_isolated-1] [INFO] [1784121800.324172837] [controller_server]: Passing new path to controller.
[component_container_isolated-1] [INFO] [1784121801.374143321] [controller_server]: Passing new path to controller.
[component_container_isolated-1] [INFO] [1784121802.374144403] [controller_server]: Passing new path to controller.
[component_container_isolated-1] [INFO] [1784121803.424180134] [controller_server]: Passing new path to controller.
[component_container_isolated-1] [INFO] [1784121804.424174434] [controller_server]: Passing new path to controller.
[component_container_isolated-1] [INFO] [1784121805.380137880] [controller_server]: Reached the goal!
[component_container_isolated-1] [INFO] [1784121805.413646697] [bt_navigator]: Goal succeeded
[WARNING] [launch]: user interrupted with ctrl-c (SIGINT)
[component_container_isolated-1] [INFO] [1784121805.414190268] [rclcpp]: signal_handler(SIGINT/SIGTERM)
[component_container_isolated-1] [INFO] [1784121805.414233035] [lifecycle_manager_navigation]: Running Nav2 LifecycleManager rcl preshutdown (lifecycle_manager_navigation)
[component_container_isolated-1] [INFO] [1784121805.414270123] [lifecycle_manager_navigation]: [34m[1mTerminating bond timer...[0m[0m
[component_container_isolated-1] [INFO] [1784121805.497038847] [velocity_smoother]: Running Nav2 LifecycleNode rcl preshutdown (velocity_smoother)
[component_container_isolated-1] [INFO] [1784121805.497101678] [velocity_smoother]: Deactivating
[component_container_isolated-1] [INFO] [1784121805.497129357] [velocity_smoother]: Destroying bond (velocity_smoother) to lifecycle manager.
[component_container_isolated-1] [INFO] [1784121805.507275472] [velocity_smoother]: Cleaning up
[component_container_isolated-1] [INFO] [1784121805.507308751] [velocity_smoother]: Destroying bond (velocity_smoother) to lifecycle manager.
[component_container_isolated-1] [INFO] [1784121805.507314510] [waypoint_follower]: Running Nav2 LifecycleNode rcl preshutdown (waypoint_follower)
[component_container_isolated-1] [INFO] [1784121805.507326647] [waypoint_follower]: Deactivating
[component_container_isolated-1] [INFO] [1784121805.507332107] [waypoint_follower]: Destroying bond (waypoint_follower) to lifecycle manager.
[component_container_isolated-1] [INFO] [1784121805.517553370] [waypoint_follower]: Cleaning up
[component_container_isolated-1] [INFO] [1784121805.522596164] [waypoint_follower]: Destroying bond (waypoint_follower) to lifecycle manager.
[component_container_isolated-1] [INFO] [1784121805.522627760] [bt_navigator]: Running Nav2 LifecycleNode rcl preshutdown (bt_navigator)
[component_container_isolated-1] [INFO] [1784121805.522641446] [bt_navigator]: Deactivating
[component_container_isolated-1] [INFO] [1784121805.522657491] [bt_navigator]: Destroying bond (bt_navigator) to lifecycle manager.
[component_container_isolated-1] [INFO] [1784121805.532757464] [bt_navigator]: Cleaning up
[component_container_isolated-1] [INFO] [1784121805.629310895] [bt_navigator]: Completed Cleaning up
[component_container_isolated-1] [INFO] [1784121805.629375718] [bt_navigator]: Destroying bond (bt_navigator) to lifecycle manager.
[component_container_isolated-1] [INFO] [1784121805.629383174] [behavior_server]: Running Nav2 LifecycleNode rcl preshutdown (behavior_server)
[component_container_isolated-1] [INFO] [1784121805.629396423] [behavior_server]: Deactivating
[component_container_isolated-1] [INFO] [1784121805.629413685] [behavior_server]: Destroying bond (behavior_server) to lifecycle manager.
[component_container_isolated-1] [INFO] [1784121805.639541364] [behavior_server]: Cleaning up
[component_container_isolated-1] [INFO] [1784121805.643133412] [behavior_server]: Destroying bond (behavior_server) to lifecycle manager.
[component_container_isolated-1] [INFO] [1784121805.643153732] [planner_server]: Running Nav2 LifecycleNode rcl preshutdown (planner_server)
[component_container_isolated-1] [INFO] [1784121805.643167477] [planner_server]: Deactivating
[component_container_isolated-1] [INFO] [1784121805.643185617] [global_costmap.global_costmap]: Deactivating
[component_container_isolated-1] [INFO] [1784121805.643207394] [global_costmap.global_costmap]: stvl_global was deactivated.
[component_container_isolated-1] [INFO] [1784121805.645508732] [planner_server]: Deactivating plugin GridBased of type NavfnPlanner
[component_container_isolated-1] [INFO] [1784121805.645523181] [planner_server]: Destroying bond (planner_server) to lifecycle manager.
[component_container_isolated-1] [INFO] [1784121805.655641757] [planner_server]: Cleaning up
[component_container_isolated-1] [INFO] [1784121805.674809335] [global_costmap.global_costmap]: Cleaning up
[component_container_isolated-1] [INFO] [1784121805.684800408] [planner_server]: Cleaning up plugin GridBased of type NavfnPlanner
[component_container_isolated-1] [INFO] [1784121805.684892063] [planner_server]: Destroying plugin GridBased of type NavfnPlanner
[component_container_isolated-1] [INFO] [1784121805.704039687] [planner_server]: Destroying bond (planner_server) to lifecycle manager.
[component_container_isolated-1] [INFO] [1784121805.704074481] [smoother_server]: Running Nav2 LifecycleNode rcl preshutdown (smoother_server)
[component_container_isolated-1] [INFO] [1784121805.704100677] [smoother_server]: Deactivating
[component_container_isolated-1] [INFO] [1784121805.704124780] [smoother_server]: Destroying bond (smoother_server) to lifecycle manager.
[component_container_isolated-1] [INFO] [1784121805.714272832] [smoother_server]: Cleaning up
[component_container_isolated-1] [INFO] [1784121805.722423589] [smoother_server]: Destroying bond (smoother_server) to lifecycle manager.
[component_container_isolated-1] [INFO] [1784121805.722452316] [controller_server]: Running Nav2 LifecycleNode rcl preshutdown (controller_server)
[component_container_isolated-1] [INFO] [1784121805.722464470] [controller_server]: Deactivating
[component_container_isolated-1] [INFO] [1784121805.722480681] [AmoebaController]: Deactivated MPPI Controller: FollowPath
[component_container_isolated-1] [INFO] [1784121805.722490448] [local_costmap.local_costmap]: Deactivating
[component_container_isolated-1] [INFO] [1784121805.722507170] [local_costmap.local_costmap]: stvl_local was deactivated.
[component_container_isolated-1] [INFO] [1784121805.733463173] [controller_server]: Destroying bond (controller_server) to lifecycle manager.
[component_container_isolated-1] [INFO] [1784121805.743570550] [controller_server]: Cleaning up
[component_container_isolated-1] [INFO] [1784121805.743632471] [AmoebaController]: Cleaned up MPPI Controller: FollowPath
[component_container_isolated-1] [INFO] [1784121805.743808217] [local_costmap.local_costmap]: Cleaning up
[component_container_isolated-1] [INFO] [1784121805.769735423] [controller_server]: Destroying bond (controller_server) to lifecycle manager.
[component_container_isolated-1] [INFO] [1784121805.769762208] [lifecycle_manager_localization]: Running Nav2 LifecycleManager rcl preshutdown (lifecycle_manager_localization)
[component_container_isolated-1] [INFO] [1784121805.769769757] [lifecycle_manager_localization]: [34m[1mTerminating bond timer...[0m[0m
[component_container_isolated-1] [INFO] [1784121805.792420824] [amcl]: Running Nav2 LifecycleNode rcl preshutdown (amcl)
[component_container_isolated-1] [INFO] [1784121805.792479617] [amcl]: Deactivating
[component_container_isolated-1] [INFO] [1784121805.792506152] [amcl]: Destroying bond (amcl) to lifecycle manager.
[component_container_isolated-1] [INFO] [1784121805.802712279] [amcl]: Cleaning up
[component_container_isolated-1] [INFO] [1784121805.807460623] [amcl]: Destroying bond (amcl) to lifecycle manager.
[component_container_isolated-1] [INFO] [1784121805.807488296] [map_server]: Running Nav2 LifecycleNode rcl preshutdown (map_server)
[component_container_isolated-1] [INFO] [1784121805.807514654] [map_server]: Deactivating
[component_container_isolated-1] [INFO] [1784121805.807529869] [map_server]: Destroying bond (map_server) to lifecycle manager.
[component_container_isolated-1] [INFO] [1784121805.817693438] [map_server]: Cleaning up
[component_container_isolated-1] [INFO] [1784121805.817732854] [map_server]: Destroying bond (map_server) to lifecycle manager.
[ERROR] [component_container_isolated-1]: process[component_container_isolated-1] failed to terminate '5' seconds after receiving 'SIGINT', escalating to 'SIGTERM'
[INFO] [component_container_isolated-1]: sending signal 'SIGTERM' to process[component_container_isolated-1]
[component_container_isolated-1] [INFO] [1784121810.884621681] [rclcpp]: signal_handler(SIGINT/SIGTERM)
[ERROR] [component_container_isolated-1]: process[component_container_isolated-1] failed to terminate '10.0' seconds after receiving 'SIGTERM', escalating to 'SIGKILL'
[INFO] [component_container_isolated-1]: sending signal 'SIGKILL' to process[component_container_isolated-1]
[ERROR] [component_container_isolated-1]: process has died [pid 110495, exit code -9, cmd '/opt/ros/humble/lib/rclcpp_components/component_container_isolated --ros-args --log-level info --ros-args -r __node:=nav2_container --params-file /tmp/launch_params_4kmblz9g --params-file /tmp/launch_params_peiay2nd -r /tf:=tf -r /tf_static:=tf_static'].
