[INFO] [launch]: All log files can be found below /home/saran/.ros/log/2026-07-15-15-23-38-643781-aorus-111146
[INFO] [launch]: Default logging verbosity is set to INFO
[INFO] [component_container_isolated-1]: process started with pid [111190]
[component_container_isolated-1] [INFO] [1784121819.742836861] [nav2_container]: Load Library: /opt/ros/humble/lib/libcontroller_server_core.so
[component_container_isolated-1] [INFO] [1784121819.752998456] [nav2_container]: Found class: rclcpp_components::NodeFactoryTemplate<nav2_controller::ControllerServer>
[component_container_isolated-1] [INFO] [1784121819.753024845] [nav2_container]: Instantiate class: rclcpp_components::NodeFactoryTemplate<nav2_controller::ControllerServer>
[component_container_isolated-1] [INFO] [1784121819.776663922] [controller_server]: 
[component_container_isolated-1] 	controller_server lifecycle node launched. 
[component_container_isolated-1] 	Waiting on external lifecycle transitions to activate
[component_container_isolated-1] 	See https://design.ros2.org/articles/node_lifecycle.html for more information.
[component_container_isolated-1] [INFO] [1784121819.781749581] [controller_server]: Creating controller server
[component_container_isolated-1] [INFO] [1784121819.787099145] [local_costmap.local_costmap]: 
[component_container_isolated-1] 	local_costmap lifecycle node launched. 
[component_container_isolated-1] 	Waiting on external lifecycle transitions to activate
[component_container_isolated-1] 	See https://design.ros2.org/articles/node_lifecycle.html for more information.
[component_container_isolated-1] [INFO] [1784121819.787460446] [local_costmap.local_costmap]: Creating Costmap
[component_container_isolated-1] [INFO] [1784121819.787839942] [nav2_container]: Load Library: /opt/ros/humble/lib/libmap_server_core.so
[INFO] [launch_ros.actions.load_composable_nodes]: Loaded node '/controller_server' in container '/nav2_container'
[component_container_isolated-1] [INFO] [1784121819.793612301] [nav2_container]: Found class: rclcpp_components::NodeFactoryTemplate<nav2_map_server::CostmapFilterInfoServer>
[component_container_isolated-1] [INFO] [1784121819.793632580] [nav2_container]: Found class: rclcpp_components::NodeFactoryTemplate<nav2_map_server::MapSaver>
[component_container_isolated-1] [INFO] [1784121819.793635946] [nav2_container]: Found class: rclcpp_components::NodeFactoryTemplate<nav2_map_server::MapServer>
[component_container_isolated-1] [INFO] [1784121819.793638483] [nav2_container]: Instantiate class: rclcpp_components::NodeFactoryTemplate<nav2_map_server::MapServer>
[component_container_isolated-1] [INFO] [1784121819.799897931] [map_server]: 
[component_container_isolated-1] 	map_server lifecycle node launched. 
[INFO] [launch_ros.actions.load_composable_nodes]: Loaded node '/map_server' in container '/nav2_container'
[component_container_isolated-1] 	Waiting on external lifecycle transitions to activate
[component_container_isolated-1] 	See https://design.ros2.org/articles/node_lifecycle.html for more information.
[component_container_isolated-1] [INFO] [1784121819.799933750] [map_server]: Creating
[component_container_isolated-1] [INFO] [1784121819.800155482] [nav2_container]: Load Library: /opt/ros/humble/lib/libsmoother_server_core.so
[component_container_isolated-1] [INFO] [1784121819.800975956] [nav2_container]: Found class: rclcpp_components::NodeFactoryTemplate<nav2_smoother::SmootherServer>
[component_container_isolated-1] [INFO] [1784121819.800987686] [nav2_container]: Instantiate class: rclcpp_components::NodeFactoryTemplate<nav2_smoother::SmootherServer>
[component_container_isolated-1] [INFO] [1784121819.804291778] [smoother_server]: 
[component_container_isolated-1] 	smoother_server lifecycle node launched. 
[component_container_isolated-1] 	Waiting on external lifecycle transitions to activate
[component_container_isolated-1] 	See https://design.ros2.org/articles/node_lifecycle.html for more information.
[component_container_isolated-1] [INFO] [1784121819.805314025] [smoother_server]: Creating smoother server
[INFO] [launch_ros.actions.load_composable_nodes]: Loaded node '/smoother_server' in container '/nav2_container'
[component_container_isolated-1] [INFO] [1784121819.805592246] [nav2_container]: Load Library: /opt/ros/humble/lib/libamcl_core.so
[component_container_isolated-1] [INFO] [1784121819.806748063] [nav2_container]: Found class: rclcpp_components::NodeFactoryTemplate<nav2_amcl::AmclNode>
[component_container_isolated-1] [INFO] [1784121819.806759024] [nav2_container]: Instantiate class: rclcpp_components::NodeFactoryTemplate<nav2_amcl::AmclNode>
[component_container_isolated-1] [INFO] [1784121819.810706558] [amcl]: 
[component_container_isolated-1] 	amcl lifecycle node launched. 
[component_container_isolated-1] 	Waiting on external lifecycle transitions to activate
[component_container_isolated-1] 	See https://design.ros2.org/articles/node_lifecycle.html for more information.
[component_container_isolated-1] [INFO] [1784121819.810932753] [amcl]: Creating
[INFO] [launch_ros.actions.load_composable_nodes]: Loaded node '/amcl' in container '/nav2_container'
[component_container_isolated-1] [INFO] [1784121819.811767037] [nav2_container]: Load Library: /opt/ros/humble/lib/libplanner_server_core.so
[component_container_isolated-1] [INFO] [1784121819.812218175] [nav2_container]: Found class: rclcpp_components::NodeFactoryTemplate<nav2_planner::PlannerServer>
[component_container_isolated-1] [INFO] [1784121819.812227032] [nav2_container]: Instantiate class: rclcpp_components::NodeFactoryTemplate<nav2_planner::PlannerServer>
[component_container_isolated-1] [INFO] [1784121819.816242312] [planner_server]: 
[component_container_isolated-1] 	planner_server lifecycle node launched. 
[component_container_isolated-1] 	Waiting on external lifecycle transitions to activate
[component_container_isolated-1] 	See https://design.ros2.org/articles/node_lifecycle.html for more information.
[component_container_isolated-1] [INFO] [1784121819.817234620] [planner_server]: Creating
[component_container_isolated-1] [INFO] [1784121819.822010168] [global_costmap.global_costmap]: 
[component_container_isolated-1] 	global_costmap lifecycle node launched. 
[component_container_isolated-1] 	Waiting on external lifecycle transitions to activate
[component_container_isolated-1] 	See https://design.ros2.org/articles/node_lifecycle.html for more information.
[component_container_isolated-1] [INFO] [1784121819.822345156] [global_costmap.global_costmap]: Creating Costmap
[component_container_isolated-1] [INFO] [1784121819.823047672] [nav2_container]: Load Library: /opt/ros/humble/lib/libnav2_lifecycle_manager_core.so
[INFO] [launch_ros.actions.load_composable_nodes]: Loaded node '/planner_server' in container '/nav2_container'
[component_container_isolated-1] [INFO] [1784121819.823517018] [nav2_container]: Found class: rclcpp_components::NodeFactoryTemplate<nav2_lifecycle_manager::LifecycleManager>
[component_container_isolated-1] [INFO] [1784121819.823528411] [nav2_container]: Instantiate class: rclcpp_components::NodeFactoryTemplate<nav2_lifecycle_manager::LifecycleManager>
[component_container_isolated-1] [INFO] [1784121819.828347768] [lifecycle_manager_localization]: Creating
[INFO] [launch_ros.actions.load_composable_nodes]: Loaded node '/lifecycle_manager_localization' in container '/nav2_container'
[component_container_isolated-1] [INFO] [1784121819.829718353] [lifecycle_manager_localization]: [34m[1mCreating and initializing lifecycle service clients[0m[0m
[component_container_isolated-1] [INFO] [1784121819.829721550] [nav2_container]: Load Library: /opt/ros/humble/lib/libbehavior_server_core.so
[component_container_isolated-1] [INFO] [1784121819.831669719] [nav2_container]: Found class: rclcpp_components::NodeFactoryTemplate<behavior_server::BehaviorServer>
[component_container_isolated-1] [INFO] [1784121819.831689159] [nav2_container]: Instantiate class: rclcpp_components::NodeFactoryTemplate<behavior_server::BehaviorServer>
[component_container_isolated-1] [INFO] [1784121819.846273039] [lifecycle_manager_localization]: [34m[1mStarting managed nodes bringup...[0m[0m
[component_container_isolated-1] [INFO] [1784121819.846327302] [lifecycle_manager_localization]: [34m[1mConfiguring map_server[0m[0m
[component_container_isolated-1] [INFO] [1784121819.846510587] [map_server]: Configuring
[component_container_isolated-1] [INFO] [1784121819.846582491] [map_io]: Loading yaml file: /home/saran/robohouse_ws/src/BARN_dataset/map_files/yaml_42.yaml
[component_container_isolated-1] [INFO] [1784121819.846861475] [map_io]: resolution: 0.15
[component_container_isolated-1] [INFO] [1784121819.846874084] [map_io]: origin[0]: -4.5
[component_container_isolated-1] [INFO] [1784121819.846881121] [map_io]: origin[1]: 0
[component_container_isolated-1] [INFO] [1784121819.846887201] [map_io]: origin[2]: 0
[component_container_isolated-1] [INFO] [1784121819.846893484] [map_io]: free_thresh: 0.5
[component_container_isolated-1] [INFO] [1784121819.846899670] [map_io]: occupied_thresh: 0.5
[component_container_isolated-1] [INFO] [1784121819.846906257] [map_io]: mode: trinary
[component_container_isolated-1] [INFO] [1784121819.846912985] [map_io]: negate: 0
[component_container_isolated-1] [INFO] [1784121819.847103447] [map_io]: Loading image_file: /home/saran/robohouse_ws/src/BARN_dataset/map_files/map_pgm_42.pgm
[component_container_isolated-1] [INFO] [1784121819.847475060] [map_io]: Read map /home/saran/robohouse_ws/src/BARN_dataset/map_files/map_pgm_42.pgm: 30 X 66 map @ 0.15 m/cell
[component_container_isolated-1] [INFO] [1784121819.849579241] [lifecycle_manager_localization]: [34m[1mConfiguring amcl[0m[0m
[component_container_isolated-1] [INFO] [1784121819.849703211] [amcl]: Configuring
[component_container_isolated-1] [INFO] [1784121819.849799078] [amcl]: initTransforms
[component_container_isolated-1] [INFO] [1784121819.852059374] [behavior_server]: 
[component_container_isolated-1] 	behavior_server lifecycle node launched. 
[component_container_isolated-1] 	Waiting on external lifecycle transitions to activate
[component_container_isolated-1] 	See https://design.ros2.org/articles/node_lifecycle.html for more information.
[INFO] [launch_ros.actions.load_composable_nodes]: Loaded node '/behavior_server' in container '/nav2_container'
[component_container_isolated-1] [INFO] [1784121819.856287531] [nav2_container]: Load Library: /opt/ros/humble/lib/libbt_navigator_core.so
[component_container_isolated-1] [INFO] [1784121819.857293904] [nav2_container]: Found class: rclcpp_components::NodeFactoryTemplate<nav2_bt_navigator::BtNavigator>
[component_container_isolated-1] [INFO] [1784121819.857308169] [nav2_container]: Instantiate class: rclcpp_components::NodeFactoryTemplate<nav2_bt_navigator::BtNavigator>
[component_container_isolated-1] [INFO] [1784121819.858520616] [amcl]: initPubSub
[component_container_isolated-1] [INFO] [1784121819.862318917] [amcl]: Subscribed to map topic.
[component_container_isolated-1] [INFO] [1784121819.865159356] [lifecycle_manager_localization]: [34m[1mActivating map_server[0m[0m
[component_container_isolated-1] [INFO] [1784121819.865267284] [map_server]: Activating
[component_container_isolated-1] [INFO] [1784121819.865356420] [map_server]: Creating bond (map_server) to lifecycle manager.
[component_container_isolated-1] [INFO] [1784121819.865420620] [amcl]: Received a 30 X 66 map @ 0.150 m/pix
[component_container_isolated-1] [INFO] [1784121819.869308903] [bt_navigator]: 
[component_container_isolated-1] 	bt_navigator lifecycle node launched. 
[INFO] [launch_ros.actions.load_composable_nodes]: Loaded node '/bt_navigator' in container '/nav2_container'
[component_container_isolated-1] 	Waiting on external lifecycle transitions to activate
[component_container_isolated-1] 	See https://design.ros2.org/articles/node_lifecycle.html for more information.
[component_container_isolated-1] [INFO] [1784121819.869345306] [bt_navigator]: Creating
[component_container_isolated-1] [INFO] [1784121819.870685502] [nav2_container]: Load Library: /opt/ros/humble/lib/libwaypoint_follower_core.so
[component_container_isolated-1] [INFO] [1784121819.871077536] [nav2_container]: Found class: rclcpp_components::NodeFactoryTemplate<nav2_waypoint_follower::WaypointFollower>
[component_container_isolated-1] [INFO] [1784121819.871086548] [nav2_container]: Instantiate class: rclcpp_components::NodeFactoryTemplate<nav2_waypoint_follower::WaypointFollower>
[component_container_isolated-1] [INFO] [1784121819.876002702] [waypoint_follower]: 
[component_container_isolated-1] 	waypoint_follower lifecycle node launched. 
[component_container_isolated-1] 	Waiting on external lifecycle transitions to activate
[component_container_isolated-1] 	See https://design.ros2.org/articles/node_lifecycle.html for more information.
[component_container_isolated-1] [INFO] [1784121819.876322128] [waypoint_follower]: Creating
[INFO] [launch_ros.actions.load_composable_nodes]: Loaded node '/waypoint_follower' in container '/nav2_container'
[component_container_isolated-1] [INFO] [1784121819.877725799] [nav2_container]: Load Library: /opt/ros/humble/lib/libvelocity_smoother_core.so
[component_container_isolated-1] [INFO] [1784121819.878206289] [nav2_container]: Found class: rclcpp_components::NodeFactoryTemplate<nav2_velocity_smoother::VelocitySmoother>
[component_container_isolated-1] [INFO] [1784121819.878215863] [nav2_container]: Instantiate class: rclcpp_components::NodeFactoryTemplate<nav2_velocity_smoother::VelocitySmoother>
[component_container_isolated-1] [INFO] [1784121819.883176036] [velocity_smoother]: 
[component_container_isolated-1] 	velocity_smoother lifecycle node launched. 
[INFO] [launch_ros.actions.load_composable_nodes]: Loaded node '/velocity_smoother' in container '/nav2_container'
[component_container_isolated-1] 	Waiting on external lifecycle transitions to activate
[component_container_isolated-1] 	See https://design.ros2.org/articles/node_lifecycle.html for more information.
[component_container_isolated-1] [INFO] [1784121819.884893676] [nav2_container]: Found class: rclcpp_components::NodeFactoryTemplate<nav2_lifecycle_manager::LifecycleManager>
[component_container_isolated-1] [INFO] [1784121819.884910940] [nav2_container]: Instantiate class: rclcpp_components::NodeFactoryTemplate<nav2_lifecycle_manager::LifecycleManager>
[component_container_isolated-1] [INFO] [1784121819.889293045] [lifecycle_manager_navigation]: Creating
[INFO] [launch_ros.actions.load_composable_nodes]: Loaded node '/lifecycle_manager_navigation' in container '/nav2_container'
[component_container_isolated-1] [INFO] [1784121819.890273889] [lifecycle_manager_navigation]: [34m[1mCreating and initializing lifecycle service clients[0m[0m
[component_container_isolated-1] [INFO] [1784121819.897276940] [lifecycle_manager_navigation]: [34m[1mStarting managed nodes bringup...[0m[0m
[component_container_isolated-1] [INFO] [1784121819.897318719] [lifecycle_manager_navigation]: [34m[1mConfiguring controller_server[0m[0m
[component_container_isolated-1] [INFO] [1784121819.897446674] [controller_server]: Configuring controller interface
[component_container_isolated-1] [INFO] [1784121819.897704776] [controller_server]: getting goal checker plugins..
[component_container_isolated-1] [INFO] [1784121819.897845441] [controller_server]: Controller frequency set to 20.0000Hz
[component_container_isolated-1] [INFO] [1784121819.897888789] [local_costmap.local_costmap]: Configuring
[component_container_isolated-1] [INFO] [1784121819.900240880] [local_costmap.local_costmap]: Using plugin "obstacle_layer"
[component_container_isolated-1] [INFO] [1784121819.902091253] [local_costmap.local_costmap]: Subscribed to Topics: scan base_scan
[component_container_isolated-1] [INFO] [1784121819.916329174] [local_costmap.local_costmap]: Initialized plugin "obstacle_layer"
[component_container_isolated-1] [INFO] [1784121819.916372392] [local_costmap.local_costmap]: Using plugin "stvl_local"
[component_container_isolated-1] [INFO] [1784121819.934858594] [local_costmap.local_costmap]: stvl_local being initialized as SpatioTemporalVoxelLayer!
[component_container_isolated-1] [INFO] [1784121819.934904867] [local_costmap.local_costmap]: stvl_local's global frame is odom.
[component_container_isolated-1] [INFO] [1784121819.935792322] [local_costmap.local_costmap]: stvl_local loaded parameters from parameter server.
[component_container_isolated-1] [INFO] [1784121819.937214641] [local_costmap.local_costmap]: stvl_local created underlying voxel grid.
[component_container_isolated-1] [INFO] [1784121819.938491526] [local_costmap.local_costmap]: Voxel filter activated.
[component_container_isolated-1] [INFO] [1784121819.940053217] [local_costmap.local_costmap]: stvl_local initialization complete!
[component_container_isolated-1] [INFO] [1784121819.940078126] [local_costmap.local_costmap]: Initialized plugin "stvl_local"
[component_container_isolated-1] [INFO] [1784121819.940082841] [local_costmap.local_costmap]: Using plugin "inflation_layer"
[component_container_isolated-1] [INFO] [1784121819.940595365] [local_costmap.local_costmap]: Initialized plugin "inflation_layer"
[component_container_isolated-1] [INFO] [1784121819.945383985] [controller_server]: Created progress_checker : progress_checker of type nav2_controller::SimpleProgressChecker
[component_container_isolated-1] [INFO] [1784121819.946294107] [controller_server]: Created goal checker : general_goal_checker of type nav2_controller::SimpleGoalChecker
[component_container_isolated-1] [INFO] [1784121819.946745640] [controller_server]: Controller Server has general_goal_checker  goal checkers available.
[component_container_isolated-1] [INFO] [1784121819.947910525] [controller_server]: Created controller : FollowPath of type nav2_mppi_controller::MPPIController
[component_container_isolated-1] [INFO] [1784121819.949403238] [controller_server]: [SLIP] MPPI variant = 'log'
[component_container_isolated-1] [INFO] [1784121819.949492338] [controller_server]: Controller period is equal to model dt. Control sequence shifting is ON
[component_container_isolated-1] [INFO] [1784121819.950714363] [controller_server]: ConstraintCritic instantiated with 1 power and 4.000000 weight.
[component_container_isolated-1] [INFO] [1784121819.950742388] [controller_server]: Critic loaded : mppi::critics::ConstraintCritic
[component_container_isolated-1] [INFO] [1784121819.951288625] [controller_server]: InflationCostCritic instantiated with 1 power and 300.000000 / 0.015000 weights. Critic will collision check based on footprint cost.
[component_container_isolated-1] [INFO] [1784121819.951305657] [controller_server]: Critic loaded : mppi::critics::CostCritic
[component_container_isolated-1] [INFO] [1784121819.951563270] [controller_server]: GoalCritic instantiated with 1 power and 5.000000 weight.
[component_container_isolated-1] [INFO] [1784121819.951574567] [controller_server]: Critic loaded : mppi::critics::GoalCritic
[component_container_isolated-1] [INFO] [1784121819.951948819] [controller_server]: GoalAngleCritic instantiated with 1 power, 3.000000 weight, 0.500000 angular threshold and symmetric_yaw_tolerance disabled
[component_container_isolated-1] [INFO] [1784121819.951965239] [controller_server]: Critic loaded : mppi::critics::GoalAngleCritic
[component_container_isolated-1] [INFO] [1784121819.952460121] [controller_server]: ReferenceTrajectoryCritic instantiated with 1 power and 3.000000 weight
[component_container_isolated-1] [INFO] [1784121819.952473273] [controller_server]: Critic loaded : mppi::critics::PathAlignCritic
[component_container_isolated-1] [INFO] [1784121819.952818725] [controller_server]: Critic loaded : mppi::critics::PathFollowCritic
[component_container_isolated-1] [INFO] [1784121819.953246886] [controller_server]: PathAngleCritic instantiated with 1 power and 2.000000 weight. Reversing allowed.
[component_container_isolated-1] [INFO] [1784121819.953259093] [controller_server]: Critic loaded : mppi::critics::PathAngleCritic
[component_container_isolated-1] [INFO] [1784121819.953528890] [controller_server]: PreferForwardCritic instantiated with 1 power and 2.000000 weight.
[component_container_isolated-1] [INFO] [1784121819.953542965] [controller_server]: Critic loaded : mppi::critics::PreferForwardCritic
[component_container_isolated-1] [INFO] [1784121819.967048921] [controller_server]: Optimizer reset
[component_container_isolated-1] [INFO] [1784121819.967962386] [lifecycle_manager_localization]: Server map_server connected with bond.
[component_container_isolated-1] [INFO] [1784121819.967994810] [lifecycle_manager_localization]: [34m[1mActivating amcl[0m[0m
[component_container_isolated-1] [INFO] [1784121819.968145276] [amcl]: Activating
[component_container_isolated-1] [INFO] [1784121819.968171761] [amcl]: Creating bond (amcl) to lifecycle manager.
[component_container_isolated-1] [INFO] [1784121819.968939660] [MPPIController]: Configured MPPI Controller: FollowPath
[component_container_isolated-1] [INFO] [1784121819.968955269] [controller_server]: Controller Server has FollowPath  controllers available.
[component_container_isolated-1] [INFO] [1784121819.972503825] [lifecycle_manager_navigation]: [34m[1mConfiguring smoother_server[0m[0m
[component_container_isolated-1] [INFO] [1784121819.972599125] [smoother_server]: Configuring smoother server
[component_container_isolated-1] [INFO] [1784121819.975504654] [smoother_server]: Created smoother : simple_smoother of type nav2_smoother::SimpleSmoother
[component_container_isolated-1] [INFO] [1784121819.975848646] [smoother_server]: Smoother Server has simple_smoother  smoothers available.
[component_container_isolated-1] [INFO] [1784121819.977657006] [lifecycle_manager_navigation]: [34m[1mConfiguring planner_server[0m[0m
[component_container_isolated-1] [INFO] [1784121819.977737476] [planner_server]: Configuring
[component_container_isolated-1] [INFO] [1784121819.977763678] [global_costmap.global_costmap]: Configuring
[component_container_isolated-1] [INFO] [1784121819.980137241] [global_costmap.global_costmap]: Using plugin "static_layer"
[component_container_isolated-1] [INFO] [1784121819.980646509] [global_costmap.global_costmap]: Subscribing to the map topic (/map) with transient local durability
[component_container_isolated-1] [INFO] [1784121819.980937299] [global_costmap.global_costmap]: Subscribing to updates
[component_container_isolated-1] [INFO] [1784121819.981184954] [global_costmap.global_costmap]: Initialized plugin "static_layer"
[component_container_isolated-1] [INFO] [1784121819.981197507] [global_costmap.global_costmap]: Using plugin "obstacle_layer"
[component_container_isolated-1] [INFO] [1784121819.981571834] [global_costmap.global_costmap]: Subscribed to Topics: scan base_scan
[component_container_isolated-1] [INFO] [1784121819.986199679] [global_costmap.global_costmap]: Initialized plugin "obstacle_layer"
[component_container_isolated-1] [INFO] [1784121819.986216728] [global_costmap.global_costmap]: Using plugin "stvl_global"
[component_container_isolated-1] [INFO] [1784121819.986311143] [global_costmap.global_costmap]: stvl_global being initialized as SpatioTemporalVoxelLayer!
[component_container_isolated-1] [INFO] [1784121819.986316543] [global_costmap.global_costmap]: stvl_global's global frame is map.
[component_container_isolated-1] [INFO] [1784121819.986983425] [global_costmap.global_costmap]: stvl_global loaded parameters from parameter server.
[component_container_isolated-1] [INFO] [1784121819.987667918] [global_costmap.global_costmap]: stvl_global created underlying voxel grid.
[component_container_isolated-1] [INFO] [1784121819.989010414] [global_costmap.global_costmap]: Voxel filter activated.
[component_container_isolated-1] [INFO] [1784121819.990278304] [global_costmap.global_costmap]: stvl_global initialization complete!
[component_container_isolated-1] [INFO] [1784121819.990292126] [global_costmap.global_costmap]: Initialized plugin "stvl_global"
[component_container_isolated-1] [INFO] [1784121819.990298210] [global_costmap.global_costmap]: Using plugin "inflation_layer"
[component_container_isolated-1] [INFO] [1784121819.990865823] [global_costmap.global_costmap]: Initialized plugin "inflation_layer"
[component_container_isolated-1] [INFO] [1784121819.993739905] [planner_server]: Created global planner plugin GridBased of type nav2_navfn_planner/NavfnPlanner
[component_container_isolated-1] [INFO] [1784121819.993758481] [planner_server]: Configuring plugin GridBased of type NavfnPlanner
[component_container_isolated-1] [INFO] [1784121819.994230934] [planner_server]: Planner Server has GridBased  planners available.
[component_container_isolated-1] [INFO] [1784121819.999576358] [lifecycle_manager_navigation]: [34m[1mConfiguring behavior_server[0m[0m
[component_container_isolated-1] [INFO] [1784121819.999668742] [behavior_server]: Configuring
[component_container_isolated-1] [INFO] [1784121820.001810344] [behavior_server]: Creating behavior plugin spin of type nav2_behaviors/Spin
[component_container_isolated-1] [INFO] [1784121820.002261496] [behavior_server]: Configuring spin
[component_container_isolated-1] [INFO] [1784121820.005457050] [behavior_server]: Creating behavior plugin backup of type nav2_behaviors/BackUp
[component_container_isolated-1] [INFO] [1784121820.005917182] [behavior_server]: Configuring backup
[component_container_isolated-1] [INFO] [1784121820.007948626] [behavior_server]: Creating behavior plugin drive_on_heading of type nav2_behaviors/DriveOnHeading
[component_container_isolated-1] [INFO] [1784121820.008406310] [behavior_server]: Configuring drive_on_heading
[component_container_isolated-1] [INFO] [1784121820.010346179] [behavior_server]: Creating behavior plugin wait of type nav2_behaviors/Wait
[component_container_isolated-1] [INFO] [1784121820.010743241] [behavior_server]: Configuring wait
[component_container_isolated-1] [INFO] [1784121820.012567635] [lifecycle_manager_navigation]: [34m[1mConfiguring bt_navigator[0m[0m
[component_container_isolated-1] [INFO] [1784121820.012655499] [bt_navigator]: Configuring
[component_container_isolated-1] [INFO] [1784121820.042729321] [lifecycle_manager_navigation]: [34m[1mConfiguring waypoint_follower[0m[0m
[component_container_isolated-1] [INFO] [1784121820.042836430] [waypoint_follower]: Configuring
[component_container_isolated-1] [INFO] [1784121820.050358445] [waypoint_follower]: Created waypoint_task_executor : wait_at_waypoint of type nav2_waypoint_follower::WaitAtWaypoint
[component_container_isolated-1] [INFO] [1784121820.050719990] [lifecycle_manager_navigation]: [34m[1mConfiguring velocity_smoother[0m[0m
[component_container_isolated-1] [INFO] [1784121820.050833056] [velocity_smoother]: Configuring velocity smoother
[component_container_isolated-1] [INFO] [1784121820.050956201] [global_costmap.global_costmap]: StaticLayer: Resizing costmap to 30 X 66 at 0.150000 m/pix
[component_container_isolated-1] [INFO] [1784121820.053274889] [lifecycle_manager_navigation]: [34m[1mActivating controller_server[0m[0m
[component_container_isolated-1] [INFO] [1784121820.053354085] [controller_server]: Activating
[component_container_isolated-1] [INFO] [1784121820.053395021] [local_costmap.local_costmap]: Activating
[component_container_isolated-1] [INFO] [1784121820.053412863] [local_costmap.local_costmap]: Checking transform
[component_container_isolated-1] [INFO] [1784121820.053436934] [local_costmap.local_costmap]: Timed out waiting for transform from base_link to odom to become available, tf error: Invalid frame ID "odom" passed to canTransform argument target_frame - frame does not exist
[component_container_isolated-1] [INFO] [1784121820.070721741] [lifecycle_manager_localization]: Server amcl connected with bond.
[component_container_isolated-1] [INFO] [1784121820.070757056] [lifecycle_manager_localization]: [34m[1mManaged nodes are active[0m[0m
[component_container_isolated-1] [INFO] [1784121820.070780139] [lifecycle_manager_localization]: [34m[1mCreating bond timer...[0m[0m
[component_container_isolated-1] [INFO] [1784121820.553536266] [local_costmap.local_costmap]: Timed out waiting for transform from base_link to odom to become available, tf error: Invalid frame ID "odom" passed to canTransform argument target_frame - frame does not exist
[component_container_isolated-1] [INFO] [1784121820.670571840] [amcl]: initialPoseReceived
[component_container_isolated-1] [INFO] [1784121820.670672366] [amcl]: Setting pose (0.000000): -2.250 1.000 1.571
[component_container_isolated-1] [INFO] [1784121820.671251697] [amcl]: initialPoseReceived
[component_container_isolated-1] [INFO] [1784121820.671263579] [amcl]: Setting pose (0.000000): -2.250 1.000 1.571
[component_container_isolated-1] [INFO] [1784121821.053649705] [local_costmap.local_costmap]: Timed out waiting for transform from base_link to odom to become available, tf error: Invalid frame ID "odom" passed to canTransform argument target_frame - frame does not exist
[component_container_isolated-1] [INFO] [1784121821.071586092] [amcl]: initialPoseReceived
[component_container_isolated-1] [INFO] [1784121821.071728739] [amcl]: Setting pose (0.000000): -2.250 1.000 1.571
[component_container_isolated-1] [INFO] [1784121821.116318375] [amcl]: initialPoseReceived
[component_container_isolated-1] [INFO] [1784121821.116375081] [amcl]: Setting pose (0.100000): -2.250 1.000 1.571
[component_container_isolated-1] [INFO] [1784121821.553590124] [local_costmap.local_costmap]: Timed out waiting for transform from base_link to odom to become available, tf error: Invalid frame ID "odom" passed to canTransform argument target_frame - frame does not exist
[component_container_isolated-1] [INFO] [1784121821.999230736] [amcl]: createLaserObject
[component_container_isolated-1] [INFO] [1784121822.053575489] [local_costmap.local_costmap]: start
[component_container_isolated-1] [INFO] [1784121822.054882383] [local_costmap.local_costmap]: stvl_local was activated.
[component_container_isolated-1] [WARN] [1784121822.255315518] [controller_server]: Parameter controller_server.verbose not found
[component_container_isolated-1] [INFO] [1784121822.262447354] [controller_server]: Optimizer reset
[component_container_isolated-1] [INFO] [1784121822.262817675] [MPPIController]: Activated MPPI Controller: FollowPath
[component_container_isolated-1] [INFO] [1784121822.262855467] [controller_server]: Creating bond (controller_server) to lifecycle manager.
[component_container_isolated-1] [INFO] [1784121822.365540366] [lifecycle_manager_navigation]: Server controller_server connected with bond.
[component_container_isolated-1] [INFO] [1784121822.365570417] [lifecycle_manager_navigation]: [34m[1mActivating smoother_server[0m[0m
[component_container_isolated-1] [INFO] [1784121822.365765657] [smoother_server]: Activating
[component_container_isolated-1] [INFO] [1784121822.365799770] [smoother_server]: Creating bond (smoother_server) to lifecycle manager.
[component_container_isolated-1] [INFO] [1784121822.468496010] [lifecycle_manager_navigation]: Server smoother_server connected with bond.
[component_container_isolated-1] [INFO] [1784121822.468545187] [lifecycle_manager_navigation]: [34m[1mActivating planner_server[0m[0m
[component_container_isolated-1] [INFO] [1784121822.468714357] [planner_server]: Activating
[component_container_isolated-1] [INFO] [1784121822.468742557] [global_costmap.global_costmap]: Activating
[component_container_isolated-1] [INFO] [1784121822.468749124] [global_costmap.global_costmap]: Checking transform
[component_container_isolated-1] [INFO] [1784121822.468763877] [global_costmap.global_costmap]: Timed out waiting for transform from base_link to map to become available, tf error: Lookup would require extrapolation into the past.  Requested time 0.734000 but the earliest data is at time 1.000000, when looking up transform from frame [base_link] to frame [map]
[component_container_isolated-1] [INFO] [1784121822.968869247] [global_costmap.global_costmap]: start
[component_container_isolated-1] [INFO] [1784121822.970204741] [global_costmap.global_costmap]: stvl_global was activated.
[component_container_isolated-1] [INFO] [1784121823.970812468] [planner_server]: Activating plugin GridBased of type NavfnPlanner
[component_container_isolated-1] [INFO] [1784121823.971830206] [planner_server]: Creating bond (planner_server) to lifecycle manager.
[component_container_isolated-1] [INFO] [1784121824.074115750] [lifecycle_manager_navigation]: Server planner_server connected with bond.
[component_container_isolated-1] [INFO] [1784121824.074145062] [lifecycle_manager_navigation]: [34m[1mActivating behavior_server[0m[0m
[component_container_isolated-1] [INFO] [1784121824.074335071] [behavior_server]: Activating
[component_container_isolated-1] [INFO] [1784121824.074363653] [behavior_server]: Activating spin
[component_container_isolated-1] [INFO] [1784121824.074389481] [behavior_server]: Activating backup
[component_container_isolated-1] [INFO] [1784121824.074404500] [behavior_server]: Activating drive_on_heading
[component_container_isolated-1] [INFO] [1784121824.074418538] [behavior_server]: Activating wait
[component_container_isolated-1] [INFO] [1784121824.074434883] [behavior_server]: Creating bond (behavior_server) to lifecycle manager.
[component_container_isolated-1] [INFO] [1784121824.177443979] [lifecycle_manager_navigation]: Server behavior_server connected with bond.
[component_container_isolated-1] [INFO] [1784121824.177471199] [lifecycle_manager_navigation]: [34m[1mActivating bt_navigator[0m[0m
[component_container_isolated-1] [INFO] [1784121824.177633576] [bt_navigator]: Activating
[component_container_isolated-1] [INFO] [1784121824.214684026] [bt_navigator]: Creating bond (bt_navigator) to lifecycle manager.
[component_container_isolated-1] [INFO] [1784121824.227052106] [controller_server]: Optimizer reset
[component_container_isolated-1] [INFO] [1784121824.318803111] [lifecycle_manager_navigation]: Server bt_navigator connected with bond.
[component_container_isolated-1] [INFO] [1784121824.318840374] [lifecycle_manager_navigation]: [34m[1mActivating waypoint_follower[0m[0m
[component_container_isolated-1] [INFO] [1784121824.319052643] [waypoint_follower]: Activating
[component_container_isolated-1] [INFO] [1784121824.319092808] [waypoint_follower]: Creating bond (waypoint_follower) to lifecycle manager.
[component_container_isolated-1] [INFO] [1784121824.423051459] [lifecycle_manager_navigation]: Server waypoint_follower connected with bond.
[component_container_isolated-1] [INFO] [1784121824.423100059] [lifecycle_manager_navigation]: [34m[1mActivating velocity_smoother[0m[0m
[component_container_isolated-1] [INFO] [1784121824.423290917] [velocity_smoother]: Activating
[component_container_isolated-1] [INFO] [1784121824.423326299] [velocity_smoother]: Creating bond (velocity_smoother) to lifecycle manager.
[component_container_isolated-1] [INFO] [1784121824.526609454] [lifecycle_manager_navigation]: Server velocity_smoother connected with bond.
[component_container_isolated-1] [INFO] [1784121824.526646318] [lifecycle_manager_navigation]: [34m[1mManaged nodes are active[0m[0m
[component_container_isolated-1] [INFO] [1784121824.526664258] [lifecycle_manager_navigation]: [34m[1mCreating bond timer...[0m[0m
[component_container_isolated-1] [INFO] [1784121826.230751005] [bt_navigator]: Begin navigating from current location (-2.27, 1.01) to (-3.97, 9.52)
[component_container_isolated-1] [INFO] [1784121826.251329887] [controller_server]: Received a goal, begin computing control effort.
[component_container_isolated-1] [WARN] [1784121826.251386914] [controller_server]: No goal checker was specified in parameter 'current_goal_checker'. Server will use only plugin loaded general_goal_checker . This warning will appear once.
[component_container_isolated-1] [INFO] [1784121826.259100709] [controller_server]: Optimizer reset
[component_container_isolated-1] [INFO] [1784121827.301523933] [controller_server]: Passing new path to controller.
[component_container_isolated-1] [INFO] [1784121828.351523725] [controller_server]: Passing new path to controller.
[component_container_isolated-1] [INFO] [1784121829.351534582] [controller_server]: Passing new path to controller.
[component_container_isolated-1] [INFO] [1784121830.401525174] [controller_server]: Passing new path to controller.
[component_container_isolated-1] [INFO] [1784121831.401529121] [controller_server]: Passing new path to controller.
[component_container_isolated-1] [INFO] [1784121832.451520507] [controller_server]: Passing new path to controller.
[component_container_isolated-1] [INFO] [1784121833.501536780] [controller_server]: Passing new path to controller.
[component_container_isolated-1] [INFO] [1784121834.501521027] [controller_server]: Passing new path to controller.
[component_container_isolated-1] [INFO] [1784121835.551501739] [controller_server]: Passing new path to controller.
[component_container_isolated-1] [INFO] [1784121836.551612950] [controller_server]: Passing new path to controller.
[component_container_isolated-1] [INFO] [1784121837.601531403] [controller_server]: Passing new path to controller.
[component_container_isolated-1] [INFO] [1784121838.651614997] [controller_server]: Passing new path to controller.
[component_container_isolated-1] [INFO] [1784121839.651488193] [controller_server]: Passing new path to controller.
[component_container_isolated-1] [INFO] [1784121840.701519590] [controller_server]: Passing new path to controller.
[component_container_isolated-1] [INFO] [1784121841.701535070] [controller_server]: Passing new path to controller.
[component_container_isolated-1] [INFO] [1784121842.751491175] [controller_server]: Passing new path to controller.
[component_container_isolated-1] [INFO] [1784121843.801535014] [controller_server]: Passing new path to controller.
[component_container_isolated-1] [INFO] [1784121844.801493140] [controller_server]: Passing new path to controller.
[component_container_isolated-1] [INFO] [1784121845.107678981] [controller_server]: Reached the goal!
[component_container_isolated-1] [INFO] [1784121845.140962639] [bt_navigator]: Goal succeeded
[WARNING] [launch]: user interrupted with ctrl-c (SIGINT)
[component_container_isolated-1] [INFO] [1784121845.141701145] [rclcpp]: signal_handler(SIGINT/SIGTERM)
[component_container_isolated-1] [INFO] [1784121845.141755478] [bt_navigator]: Running Nav2 LifecycleNode rcl preshutdown (bt_navigator)
[component_container_isolated-1] [INFO] [1784121845.141825666] [bt_navigator]: Deactivating
[component_container_isolated-1] [INFO] [1784121845.141850997] [bt_navigator]: Destroying bond (bt_navigator) to lifecycle manager.
[component_container_isolated-1] [INFO] [1784121845.153935356] [bt_navigator]: Cleaning up
[component_container_isolated-1] [INFO] [1784121845.242574611] [bt_navigator]: Completed Cleaning up
[component_container_isolated-1] [INFO] [1784121845.242667019] [bt_navigator]: Destroying bond (bt_navigator) to lifecycle manager.
[component_container_isolated-1] [INFO] [1784121845.242683003] [behavior_server]: Running Nav2 LifecycleNode rcl preshutdown (behavior_server)
[component_container_isolated-1] [INFO] [1784121845.242708544] [behavior_server]: Deactivating
[component_container_isolated-1] [INFO] [1784121845.242728957] [behavior_server]: Destroying bond (behavior_server) to lifecycle manager.
[component_container_isolated-1] [INFO] [1784121845.252985686] [behavior_server]: Cleaning up
[component_container_isolated-1] [INFO] [1784121845.264351095] [behavior_server]: Destroying bond (behavior_server) to lifecycle manager.
[component_container_isolated-1] [INFO] [1784121845.264379071] [waypoint_follower]: Running Nav2 LifecycleNode rcl preshutdown (waypoint_follower)
[component_container_isolated-1] [INFO] [1784121845.264390898] [waypoint_follower]: Deactivating
[component_container_isolated-1] [INFO] [1784121845.264402676] [waypoint_follower]: Destroying bond (waypoint_follower) to lifecycle manager.
[component_container_isolated-1] [INFO] [1784121845.274611376] [waypoint_follower]: Cleaning up
[component_container_isolated-1] [INFO] [1784121845.283448570] [waypoint_follower]: Destroying bond (waypoint_follower) to lifecycle manager.
[component_container_isolated-1] [INFO] [1784121845.283471468] [lifecycle_manager_navigation]: Running Nav2 LifecycleManager rcl preshutdown (lifecycle_manager_navigation)
[component_container_isolated-1] [INFO] [1784121845.283486657] [lifecycle_manager_navigation]: [34m[1mTerminating bond timer...[0m[0m
[component_container_isolated-1] [INFO] [1784121845.366043591] [amcl]: Running Nav2 LifecycleNode rcl preshutdown (amcl)
[component_container_isolated-1] [INFO] [1784121845.366083655] [amcl]: Deactivating
[component_container_isolated-1] [INFO] [1784121845.366096325] [amcl]: Destroying bond (amcl) to lifecycle manager.
[component_container_isolated-1] [INFO] [1784121845.376258001] [amcl]: Cleaning up
[component_container_isolated-1] [INFO] [1784121845.382091379] [amcl]: Destroying bond (amcl) to lifecycle manager.
[component_container_isolated-1] [INFO] [1784121845.382129129] [velocity_smoother]: Running Nav2 LifecycleNode rcl preshutdown (velocity_smoother)
[component_container_isolated-1] [INFO] [1784121845.382161123] [velocity_smoother]: Deactivating
[component_container_isolated-1] [INFO] [1784121845.382184278] [velocity_smoother]: Destroying bond (velocity_smoother) to lifecycle manager.
[component_container_isolated-1] [INFO] [1784121845.392360086] [velocity_smoother]: Cleaning up
[component_container_isolated-1] [INFO] [1784121845.392422321] [velocity_smoother]: Destroying bond (velocity_smoother) to lifecycle manager.
[component_container_isolated-1] [INFO] [1784121845.392439261] [smoother_server]: Running Nav2 LifecycleNode rcl preshutdown (smoother_server)
[component_container_isolated-1] [INFO] [1784121845.392468821] [smoother_server]: Deactivating
[component_container_isolated-1] [INFO] [1784121845.392493149] [smoother_server]: Destroying bond (smoother_server) to lifecycle manager.
[component_container_isolated-1] [INFO] [1784121845.402648024] [smoother_server]: Cleaning up
[component_container_isolated-1] [INFO] [1784121845.413219326] [smoother_server]: Destroying bond (smoother_server) to lifecycle manager.
[component_container_isolated-1] [INFO] [1784121845.413241341] [lifecycle_manager_localization]: Running Nav2 LifecycleManager rcl preshutdown (lifecycle_manager_localization)
[component_container_isolated-1] [INFO] [1784121845.413249229] [lifecycle_manager_localization]: [34m[1mTerminating bond timer...[0m[0m
[component_container_isolated-1] [INFO] [1784121845.436019169] [map_server]: Running Nav2 LifecycleNode rcl preshutdown (map_server)
[component_container_isolated-1] [INFO] [1784121845.436080383] [map_server]: Deactivating
[component_container_isolated-1] [INFO] [1784121845.436106589] [map_server]: Destroying bond (map_server) to lifecycle manager.
[component_container_isolated-1] [INFO] [1784121845.446221456] [map_server]: Cleaning up
[component_container_isolated-1] [INFO] [1784121845.446261802] [map_server]: Destroying bond (map_server) to lifecycle manager.
[component_container_isolated-1] [INFO] [1784121845.446276602] [planner_server]: Running Nav2 LifecycleNode rcl preshutdown (planner_server)
[component_container_isolated-1] [INFO] [1784121845.446303804] [planner_server]: Deactivating
[component_container_isolated-1] [INFO] [1784121845.446336986] [global_costmap.global_costmap]: Deactivating
[component_container_isolated-1] [INFO] [1784121845.446372763] [global_costmap.global_costmap]: stvl_global was deactivated.
[component_container_isolated-1] [INFO] [1784121845.969049779] [planner_server]: Deactivating plugin GridBased of type NavfnPlanner
[component_container_isolated-1] [INFO] [1784121845.969106092] [planner_server]: Destroying bond (planner_server) to lifecycle manager.
[component_container_isolated-1] [INFO] [1784121845.979219483] [planner_server]: Cleaning up
[component_container_isolated-1] [INFO] [1784121845.990334885] [global_costmap.global_costmap]: Cleaning up
[component_container_isolated-1] [INFO] [1784121845.994260302] [planner_server]: Cleaning up plugin GridBased of type NavfnPlanner
[component_container_isolated-1] [INFO] [1784121845.994402928] [planner_server]: Destroying plugin GridBased of type NavfnPlanner
[component_container_isolated-1] [INFO] [1784121846.003976982] [planner_server]: Destroying bond (planner_server) to lifecycle manager.
[component_container_isolated-1] [INFO] [1784121846.004004030] [controller_server]: Running Nav2 LifecycleNode rcl preshutdown (controller_server)
[component_container_isolated-1] [INFO] [1784121846.004015988] [controller_server]: Deactivating
[component_container_isolated-1] [INFO] [1784121846.004031999] [MPPIController]: Deactivated MPPI Controller: FollowPath
[component_container_isolated-1] [INFO] [1784121846.004042150] [local_costmap.local_costmap]: Deactivating
[component_container_isolated-1] [INFO] [1784121846.004058259] [local_costmap.local_costmap]: stvl_local was deactivated.
[component_container_isolated-1] [INFO] [1784121846.053788399] [controller_server]: Destroying bond (controller_server) to lifecycle manager.
[component_container_isolated-1] [INFO] [1784121846.063946160] [controller_server]: Cleaning up
[component_container_isolated-1] [INFO] [1784121846.064008127] [MPPIController]: Cleaned up MPPI Controller: FollowPath
[component_container_isolated-1] [INFO] [1784121846.064208705] [local_costmap.local_costmap]: Cleaning up
[component_container_isolated-1] [INFO] [1784121846.085625300] [controller_server]: Destroying bond (controller_server) to lifecycle manager.
[ERROR] [component_container_isolated-1]: process[component_container_isolated-1] failed to terminate '5' seconds after receiving 'SIGINT', escalating to 'SIGTERM'
[INFO] [component_container_isolated-1]: sending signal 'SIGTERM' to process[component_container_isolated-1]
[component_container_isolated-1] [INFO] [1784121850.908836452] [rclcpp]: signal_handler(SIGINT/SIGTERM)
[ERROR] [component_container_isolated-1]: process[component_container_isolated-1] failed to terminate '10.0' seconds after receiving 'SIGTERM', escalating to 'SIGKILL'
[INFO] [component_container_isolated-1]: sending signal 'SIGKILL' to process[component_container_isolated-1]
[ERROR] [component_container_isolated-1]: process has died [pid 111190, exit code -9, cmd '/opt/ros/humble/lib/rclcpp_components/component_container_isolated --ros-args --log-level info --ros-args -r __node:=nav2_container --params-file /tmp/launch_params_swinlw2j --params-file /tmp/launch_params_6t3soch8 -r /tf:=tf -r /tf_static:=tf_static'].
