[0.073s] DEBUG:colcon:Command line arguments: ['/usr/bin/colcon', 'list', '-p', '--base-paths', '/home/saran/robohouse_ws/src/susag_cartographer', '--log-base', '/dev/null']
[0.073s] DEBUG:colcon:Parsed command line arguments: Namespace(log_base=None, log_level=None, verb_name='list', build_base='build', ignore_user_meta=False, metas=['./colcon.meta'], base_paths=['/home/saran/robohouse_ws/src/susag_cartographer', '--log-base', '/dev/null'], packages_ignore=None, packages_ignore_regex=None, paths=None, packages_up_to=None, packages_up_to_regex=None, packages_above=None, packages_above_and_dependencies=None, packages_above_depth=None, packages_select_by_dep=None, packages_skip_by_dep=None, packages_skip_up_to=None, packages_select_build_failed=False, packages_skip_build_finished=False, packages_select_test_failures=False, packages_skip_test_passed=False, packages_select=None, packages_skip=None, packages_select_regex=None, packages_skip_regex=None, packages_start=None, packages_end=None, allow_overriding=[], topological_order=False, names_only=False, paths_only=True, topological_graph=False, topological_graph_dot=False, topological_graph_density=False, topological_graph_legend=False, topological_graph_dot_cluster=False, topological_graph_dot_include_skipped=False, mixin_files=None, mixin=None, verb_parser=<colcon_mixin.mixin.mixin_argument.MixinArgumentDecorator object at 0x72a005e5ba30>, verb_extension=<colcon_package_information.verb.list.ListVerb object at 0x72a005e5a770>, main=<bound method ListVerb.main of <colcon_package_information.verb.list.ListVerb object at 0x72a005e5a770>>, mixin_verb=('list',))
[0.197s] Level 1:colcon.colcon_core.package_discovery:discover_packages(colcon_meta) check parameters
[0.197s] Level 1:colcon.colcon_core.package_discovery:discover_packages(recursive) check parameters
[0.197s] Level 1:colcon.colcon_core.package_discovery:discover_packages(ignore) check parameters
[0.197s] Level 1:colcon.colcon_core.package_discovery:discover_packages(path) check parameters
[0.197s] Level 1:colcon.colcon_core.package_discovery:discover_packages(recursive) discover
[0.197s] INFO:colcon.colcon_core.package_discovery:Crawling recursively for packages in '/home/saran/robohouse_ws/src/susag_cartographer', '/home/saran/robohouse_ws/src/susag_cartographer/--log-base', '/dev/null'
[0.197s] Level 1:colcon.colcon_core.package_identification:_identify(/home/saran/robohouse_ws/src/susag_cartographer) by extensions ['ignore', 'ignore_ament_install']
[0.197s] Level 1:colcon.colcon_core.package_identification:_identify(/home/saran/robohouse_ws/src/susag_cartographer) by extension 'ignore'
[0.197s] Level 1:colcon.colcon_core.package_identification:_identify(/home/saran/robohouse_ws/src/susag_cartographer) by extension 'ignore_ament_install'
[0.197s] Level 1:colcon.colcon_core.package_identification:_identify(/home/saran/robohouse_ws/src/susag_cartographer) by extensions ['colcon_pkg']
[0.197s] Level 1:colcon.colcon_core.package_identification:_identify(/home/saran/robohouse_ws/src/susag_cartographer) by extension 'colcon_pkg'
[0.197s] Level 1:colcon.colcon_core.package_identification:_identify(/home/saran/robohouse_ws/src/susag_cartographer) by extensions ['colcon_meta']
[0.197s] Level 1:colcon.colcon_core.package_identification:_identify(/home/saran/robohouse_ws/src/susag_cartographer) by extension 'colcon_meta'
[0.198s] Level 1:colcon.colcon_core.package_identification:_identify(/home/saran/robohouse_ws/src/susag_cartographer) by extensions ['ros']
[0.198s] Level 1:colcon.colcon_core.package_identification:_identify(/home/saran/robohouse_ws/src/susag_cartographer) by extension 'ros'
[0.205s] Level 1:colcon.colcon_core.package_identification:_identify(/home/saran/robohouse_ws/src/susag_cartographer) by extensions ['cmake', 'python']
[0.205s] Level 1:colcon.colcon_core.package_identification:_identify(/home/saran/robohouse_ws/src/susag_cartographer) by extension 'cmake'
[0.205s] Level 1:colcon.colcon_core.package_identification:_identify(/home/saran/robohouse_ws/src/susag_cartographer) by extension 'python'
[0.205s] Level 1:colcon.colcon_core.package_identification:_identify(/home/saran/robohouse_ws/src/susag_cartographer) by extensions ['python_setup_py']
[0.205s] Level 1:colcon.colcon_core.package_identification:_identify(/home/saran/robohouse_ws/src/susag_cartographer) by extension 'python_setup_py'
[0.205s] Level 1:colcon.colcon_core.package_identification:_identify(/home/saran/robohouse_ws/src/susag_cartographer/config) by extensions ['ignore', 'ignore_ament_install']
[0.205s] Level 1:colcon.colcon_core.package_identification:_identify(/home/saran/robohouse_ws/src/susag_cartographer/config) by extension 'ignore'
[0.205s] Level 1:colcon.colcon_core.package_identification:_identify(/home/saran/robohouse_ws/src/susag_cartographer/config) by extension 'ignore_ament_install'
[0.205s] Level 1:colcon.colcon_core.package_identification:_identify(/home/saran/robohouse_ws/src/susag_cartographer/config) by extensions ['colcon_pkg']
[0.205s] Level 1:colcon.colcon_core.package_identification:_identify(/home/saran/robohouse_ws/src/susag_cartographer/config) by extension 'colcon_pkg'
[0.205s] Level 1:colcon.colcon_core.package_identification:_identify(/home/saran/robohouse_ws/src/susag_cartographer/config) by extensions ['colcon_meta']
[0.205s] Level 1:colcon.colcon_core.package_identification:_identify(/home/saran/robohouse_ws/src/susag_cartographer/config) by extension 'colcon_meta'
[0.205s] Level 1:colcon.colcon_core.package_identification:_identify(/home/saran/robohouse_ws/src/susag_cartographer/config) by extensions ['ros']
[0.206s] Level 1:colcon.colcon_core.package_identification:_identify(/home/saran/robohouse_ws/src/susag_cartographer/config) by extension 'ros'
[0.206s] Level 1:colcon.colcon_core.package_identification:_identify(/home/saran/robohouse_ws/src/susag_cartographer/config) by extensions ['cmake', 'python']
[0.206s] Level 1:colcon.colcon_core.package_identification:_identify(/home/saran/robohouse_ws/src/susag_cartographer/config) by extension 'cmake'
[0.206s] Level 1:colcon.colcon_core.package_identification:_identify(/home/saran/robohouse_ws/src/susag_cartographer/config) by extension 'python'
[0.206s] Level 1:colcon.colcon_core.package_identification:_identify(/home/saran/robohouse_ws/src/susag_cartographer/config) by extensions ['python_setup_py']
[0.206s] Level 1:colcon.colcon_core.package_identification:_identify(/home/saran/robohouse_ws/src/susag_cartographer/config) by extension 'python_setup_py'
[0.206s] Level 1:colcon.colcon_core.package_identification:_identify(/home/saran/robohouse_ws/src/susag_cartographer/launch) by extensions ['ignore', 'ignore_ament_install']
[0.206s] Level 1:colcon.colcon_core.package_identification:_identify(/home/saran/robohouse_ws/src/susag_cartographer/launch) by extension 'ignore'
[0.206s] Level 1:colcon.colcon_core.package_identification:_identify(/home/saran/robohouse_ws/src/susag_cartographer/launch) by extension 'ignore_ament_install'
[0.206s] Level 1:colcon.colcon_core.package_identification:_identify(/home/saran/robohouse_ws/src/susag_cartographer/launch) by extensions ['colcon_pkg']
[0.206s] Level 1:colcon.colcon_core.package_identification:_identify(/home/saran/robohouse_ws/src/susag_cartographer/launch) by extension 'colcon_pkg'
[0.206s] Level 1:colcon.colcon_core.package_identification:_identify(/home/saran/robohouse_ws/src/susag_cartographer/launch) by extensions ['colcon_meta']
[0.206s] Level 1:colcon.colcon_core.package_identification:_identify(/home/saran/robohouse_ws/src/susag_cartographer/launch) by extension 'colcon_meta'
[0.206s] Level 1:colcon.colcon_core.package_identification:_identify(/home/saran/robohouse_ws/src/susag_cartographer/launch) by extensions ['ros']
[0.206s] Level 1:colcon.colcon_core.package_identification:_identify(/home/saran/robohouse_ws/src/susag_cartographer/launch) by extension 'ros'
[0.206s] Level 1:colcon.colcon_core.package_identification:_identify(/home/saran/robohouse_ws/src/susag_cartographer/launch) by extensions ['cmake', 'python']
[0.206s] Level 1:colcon.colcon_core.package_identification:_identify(/home/saran/robohouse_ws/src/susag_cartographer/launch) by extension 'cmake'
[0.206s] Level 1:colcon.colcon_core.package_identification:_identify(/home/saran/robohouse_ws/src/susag_cartographer/launch) by extension 'python'
[0.206s] Level 1:colcon.colcon_core.package_identification:_identify(/home/saran/robohouse_ws/src/susag_cartographer/launch) by extensions ['python_setup_py']
[0.206s] Level 1:colcon.colcon_core.package_identification:_identify(/home/saran/robohouse_ws/src/susag_cartographer/launch) by extension 'python_setup_py'
[0.206s] Level 1:colcon.colcon_core.package_identification:_identify(/home/saran/robohouse_ws/src/susag_cartographer/log) by extensions ['ignore', 'ignore_ament_install']
[0.206s] Level 1:colcon.colcon_core.package_identification:_identify(/home/saran/robohouse_ws/src/susag_cartographer/log) by extension 'ignore'
[0.206s] Level 1:colcon.colcon_core.package_identification:_identify(/home/saran/robohouse_ws/src/susag_cartographer/log) ignored
[0.206s] Level 1:colcon.colcon_core.package_discovery:discover_packages(recursive) using defaults
